[2025-04-28T12:55:39.522+0000] {local_task_job_runner.py:120} INFO - ::group::Pre task execution logs
[2025-04-28T12:55:39.535+0000] {taskinstance.py:2073} INFO - Dependencies all met for dep_context=non-requeueable deps ti=<TaskInstance: export_postgres_tables_to_parquet.export_tables manual__2025-04-28T12:55:38.316114+00:00 [queued]>
[2025-04-28T12:55:39.538+0000] {taskinstance.py:2073} INFO - Dependencies all met for dep_context=requeueable deps ti=<TaskInstance: export_postgres_tables_to_parquet.export_tables manual__2025-04-28T12:55:38.316114+00:00 [queued]>
[2025-04-28T12:55:39.538+0000] {taskinstance.py:2303} INFO - Starting attempt 1 of 1
[2025-04-28T12:55:39.543+0000] {taskinstance.py:2327} INFO - Executing <Task(PythonOperator): export_tables> on 2025-04-28 12:55:38.316114+00:00
[2025-04-28T12:55:39.546+0000] {standard_task_runner.py:90} INFO - Running: ['***', 'tasks', 'run', 'export_postgres_tables_to_parquet', 'export_tables', 'manual__2025-04-28T12:55:38.316114+00:00', '--job-id', '36', '--raw', '--subdir', 'DAGS_FOLDER/export_tables_to_parquet.py', '--cfg-path', '/tmp/tmpb_txywgy']
[2025-04-28T12:55:39.557+0000] {standard_task_runner.py:91} INFO - Job 36: Subtask export_tables
[2025-04-28T12:55:39.549+0000] {logging_mixin.py:188} WARNING - /home/***/.local/lib/python3.12/site-packages/***/task/task_runner/standard_task_runner.py:61 DeprecationWarning: This process (pid=5403) is multi-threaded, use of fork() may lead to deadlocks in the child.
[2025-04-28T12:55:39.558+0000] {standard_task_runner.py:63} INFO - Started process 5406 to run task
[2025-04-28T12:55:39.580+0000] {task_command.py:426} INFO - Running <TaskInstance: export_postgres_tables_to_parquet.export_tables manual__2025-04-28T12:55:38.316114+00:00 [running]> on host 25cea5d6e0b5
[2025-04-28T12:55:39.619+0000] {taskinstance.py:2644} INFO - Exporting env vars: AIRFLOW_CTX_DAG_OWNER='***' AIRFLOW_CTX_DAG_ID='export_postgres_tables_to_parquet' AIRFLOW_CTX_TASK_ID='export_tables' AIRFLOW_CTX_EXECUTION_DATE='2025-04-28T12:55:38.316114+00:00' AIRFLOW_CTX_TRY_NUMBER='1' AIRFLOW_CTX_DAG_RUN_ID='manual__2025-04-28T12:55:38.316114+00:00'
[2025-04-28T12:55:39.619+0000] {taskinstance.py:430} INFO - ::endgroup::
[2025-04-28T12:55:39.663+0000] {logging_mixin.py:188} INFO - Tabela patients salva em Parquet com timestamp de extração.
[2025-04-28T12:55:39.675+0000] {logging_mixin.py:188} INFO - Tabela appointments salva em Parquet com timestamp de extração.
[2025-04-28T12:55:39.686+0000] {logging_mixin.py:188} INFO - Tabela providers salva em Parquet com timestamp de extração.
[2025-04-28T12:55:39.698+0000] {logging_mixin.py:188} INFO - Tabela prescriptions salva em Parquet com timestamp de extração.
[2025-04-28T12:55:39.698+0000] {python.py:237} INFO - Done. Returned value was: None
[2025-04-28T12:55:39.698+0000] {taskinstance.py:441} INFO - ::group::Post task execution logs
[2025-04-28T12:55:39.703+0000] {taskinstance.py:1205} INFO - Marking task as SUCCESS. dag_id=export_postgres_tables_to_parquet, task_id=export_tables, execution_date=20250428T125538, start_date=20250428T125539, end_date=20250428T125539
[2025-04-28T12:55:39.744+0000] {local_task_job_runner.py:240} INFO - Task exited with return code 0
[2025-04-28T12:55:39.753+0000] {taskinstance.py:3482} INFO - 0 downstream tasks scheduled from follow-on schedule check
[2025-04-28T12:55:39.753+0000] {local_task_job_runner.py:222} INFO - ::endgroup::
