[2025-04-28T14:12:48.429+0000] {local_task_job_runner.py:120} INFO - ::group::Pre task execution logs
[2025-04-28T14:12:48.441+0000] {taskinstance.py:2073} INFO - Dependencies all met for dep_context=non-requeueable deps ti=<TaskInstance: silver_to_gold_feature_engineering.process_silver_to_gold manual__2025-04-28T14:12:48.076151+00:00 [queued]>
[2025-04-28T14:12:48.445+0000] {taskinstance.py:2073} INFO - Dependencies all met for dep_context=requeueable deps ti=<TaskInstance: silver_to_gold_feature_engineering.process_silver_to_gold manual__2025-04-28T14:12:48.076151+00:00 [queued]>
[2025-04-28T14:12:48.445+0000] {taskinstance.py:2303} INFO - Starting attempt 1 of 1
[2025-04-28T14:12:48.449+0000] {taskinstance.py:2327} INFO - Executing <Task(PythonOperator): process_silver_to_gold> on 2025-04-28 14:12:48.076151+00:00
[2025-04-28T14:12:48.453+0000] {standard_task_runner.py:90} INFO - Running: ['***', 'tasks', 'run', 'silver_to_gold_feature_engineering', 'process_silver_to_gold', 'manual__2025-04-28T14:12:48.076151+00:00', '--job-id', '72', '--raw', '--subdir', 'DAGS_FOLDER/silver_to_gold_feature_engineering.py', '--cfg-path', '/tmp/tmpbuqz10fe']
[2025-04-28T14:12:48.456+0000] {standard_task_runner.py:91} INFO - Job 72: Subtask process_silver_to_gold
[2025-04-28T14:12:48.456+0000] {logging_mixin.py:188} WARNING - /home/***/.local/lib/python3.12/site-packages/***/task/task_runner/standard_task_runner.py:61 DeprecationWarning: This process (pid=294) is multi-threaded, use of fork() may lead to deadlocks in the child.
[2025-04-28T14:12:48.457+0000] {standard_task_runner.py:63} INFO - Started process 306 to run task
[2025-04-28T14:12:48.480+0000] {task_command.py:426} INFO - Running <TaskInstance: silver_to_gold_feature_engineering.process_silver_to_gold manual__2025-04-28T14:12:48.076151+00:00 [running]> on host 25cea5d6e0b5
[2025-04-28T14:12:48.518+0000] {taskinstance.py:2644} INFO - Exporting env vars: AIRFLOW_CTX_DAG_OWNER='***' AIRFLOW_CTX_DAG_ID='silver_to_gold_feature_engineering' AIRFLOW_CTX_TASK_ID='process_silver_to_gold' AIRFLOW_CTX_EXECUTION_DATE='2025-04-28T14:12:48.076151+00:00' AIRFLOW_CTX_TRY_NUMBER='1' AIRFLOW_CTX_DAG_RUN_ID='manual__2025-04-28T14:12:48.076151+00:00'
[2025-04-28T14:12:48.519+0000] {taskinstance.py:430} INFO - ::endgroup::
[2025-04-28T14:12:48.525+0000] {logging_mixin.py:188} INFO - Reading from silver: /opt/***/app/bucket/silver/year=2025/month=04/day=28
[2025-04-28T14:12:48.555+0000] {logging_mixin.py:188} INFO - Saving to gold: /opt/***/app/bucket/gold/year=2025/month=04/day=28
[2025-04-28T14:12:48.568+0000] {logging_mixin.py:188} INFO - ✅ Data saved successfully to GOLD layer!
[2025-04-28T14:12:48.568+0000] {python.py:237} INFO - Done. Returned value was: None
[2025-04-28T14:12:48.569+0000] {taskinstance.py:441} INFO - ::group::Post task execution logs
[2025-04-28T14:12:48.574+0000] {taskinstance.py:1205} INFO - Marking task as SUCCESS. dag_id=silver_to_gold_feature_engineering, task_id=process_silver_to_gold, execution_date=20250428T141248, start_date=20250428T141248, end_date=20250428T141248
[2025-04-28T14:12:48.603+0000] {local_task_job_runner.py:240} INFO - Task exited with return code 0
[2025-04-28T14:12:48.611+0000] {taskinstance.py:3482} INFO - 0 downstream tasks scheduled from follow-on schedule check
[2025-04-28T14:12:48.611+0000] {local_task_job_runner.py:222} INFO - ::endgroup::
