[2025-04-28T14:09:55.189+0000] {local_task_job_runner.py:120} INFO - ::group::Pre task execution logs
[2025-04-28T14:09:55.202+0000] {taskinstance.py:2073} INFO - Dependencies all met for dep_context=non-requeueable deps ti=<TaskInstance: export_postgres_tables_to_parquet.export_tables manual__2025-04-28T14:09:54.191190+00:00 [queued]>
[2025-04-28T14:09:55.205+0000] {taskinstance.py:2073} INFO - Dependencies all met for dep_context=requeueable deps ti=<TaskInstance: export_postgres_tables_to_parquet.export_tables manual__2025-04-28T14:09:54.191190+00:00 [queued]>
[2025-04-28T14:09:55.205+0000] {taskinstance.py:2303} INFO - Starting attempt 1 of 1
[2025-04-28T14:09:55.210+0000] {taskinstance.py:2327} INFO - Executing <Task(PythonOperator): export_tables> on 2025-04-28 14:09:54.191190+00:00
[2025-04-28T14:09:55.214+0000] {standard_task_runner.py:90} INFO - Running: ['***', 'tasks', 'run', 'export_postgres_tables_to_parquet', 'export_tables', 'manual__2025-04-28T14:09:54.191190+00:00', '--job-id', '57', '--raw', '--subdir', 'DAGS_FOLDER/export_tables_to_parquet.py', '--cfg-path', '/tmp/tmp_gx_61s5']
[2025-04-28T14:09:55.217+0000] {standard_task_runner.py:91} INFO - Job 57: Subtask export_tables
[2025-04-28T14:09:55.216+0000] {logging_mixin.py:188} WARNING - /home/***/.local/lib/python3.12/site-packages/***/task/task_runner/standard_task_runner.py:61 DeprecationWarning: This process (pid=238) is multi-threaded, use of fork() may lead to deadlocks in the child.
[2025-04-28T14:09:55.217+0000] {standard_task_runner.py:63} INFO - Started process 241 to run task
[2025-04-28T14:09:55.239+0000] {task_command.py:426} INFO - Running <TaskInstance: export_postgres_tables_to_parquet.export_tables manual__2025-04-28T14:09:54.191190+00:00 [running]> on host 25cea5d6e0b5
[2025-04-28T14:09:55.276+0000] {taskinstance.py:2644} INFO - Exporting env vars: AIRFLOW_CTX_DAG_OWNER='***' AIRFLOW_CTX_DAG_ID='export_postgres_tables_to_parquet' AIRFLOW_CTX_TASK_ID='export_tables' AIRFLOW_CTX_EXECUTION_DATE='2025-04-28T14:09:54.191190+00:00' AIRFLOW_CTX_TRY_NUMBER='1' AIRFLOW_CTX_DAG_RUN_ID='manual__2025-04-28T14:09:54.191190+00:00'
[2025-04-28T14:09:55.277+0000] {taskinstance.py:430} INFO - ::endgroup::
[2025-04-28T14:09:55.321+0000] {logging_mixin.py:188} INFO - Tabela patients salva em Parquet com timestamp de extração.
[2025-04-28T14:09:55.334+0000] {logging_mixin.py:188} INFO - Tabela appointments salva em Parquet com timestamp de extração.
[2025-04-28T14:09:55.345+0000] {logging_mixin.py:188} INFO - Tabela providers salva em Parquet com timestamp de extração.
[2025-04-28T14:09:55.356+0000] {logging_mixin.py:188} INFO - Tabela prescriptions salva em Parquet com timestamp de extração.
[2025-04-28T14:09:55.357+0000] {python.py:237} INFO - Done. Returned value was: None
[2025-04-28T14:09:55.357+0000] {taskinstance.py:441} INFO - ::group::Post task execution logs
[2025-04-28T14:09:55.362+0000] {taskinstance.py:1205} INFO - Marking task as SUCCESS. dag_id=export_postgres_tables_to_parquet, task_id=export_tables, execution_date=20250428T140954, start_date=20250428T140955, end_date=20250428T140955
[2025-04-28T14:09:55.408+0000] {local_task_job_runner.py:240} INFO - Task exited with return code 0
[2025-04-28T14:09:55.417+0000] {taskinstance.py:3482} INFO - 0 downstream tasks scheduled from follow-on schedule check
[2025-04-28T14:09:55.418+0000] {local_task_job_runner.py:222} INFO - ::endgroup::
