[2025-04-27T04:59:06.241+0000] {local_task_job_runner.py:120} INFO - ::group::Pre task execution logs
[2025-04-27T04:59:06.254+0000] {taskinstance.py:2073} INFO - Dependencies all met for dep_context=non-requeueable deps ti=<TaskInstance: export_postgres_tables_to_parquet.export_tables manual__2025-04-27T04:59:05.056380+00:00 [queued]>
[2025-04-27T04:59:06.258+0000] {taskinstance.py:2073} INFO - Dependencies all met for dep_context=requeueable deps ti=<TaskInstance: export_postgres_tables_to_parquet.export_tables manual__2025-04-27T04:59:05.056380+00:00 [queued]>
[2025-04-27T04:59:06.258+0000] {taskinstance.py:2303} INFO - Starting attempt 1 of 1
[2025-04-27T04:59:06.336+0000] {taskinstance.py:2327} INFO - Executing <Task(PythonOperator): export_tables> on 2025-04-27 04:59:05.056380+00:00
[2025-04-27T04:59:06.340+0000] {standard_task_runner.py:90} INFO - Running: ['***', 'tasks', 'run', 'export_postgres_tables_to_parquet', 'export_tables', 'manual__2025-04-27T04:59:05.056380+00:00', '--job-id', '6', '--raw', '--subdir', 'DAGS_FOLDER/export_tables_to_parquet.py', '--cfg-path', '/tmp/tmpaifc0ide']
[2025-04-27T04:59:06.342+0000] {standard_task_runner.py:91} INFO - Job 6: Subtask export_tables
[2025-04-27T04:59:06.341+0000] {logging_mixin.py:188} WARNING - /home/***/.local/lib/python3.12/site-packages/***/task/task_runner/standard_task_runner.py:61 DeprecationWarning: This process (pid=177) is multi-threaded, use of fork() may lead to deadlocks in the child.
[2025-04-27T04:59:06.343+0000] {standard_task_runner.py:63} INFO - Started process 179 to run task
[2025-04-27T04:59:06.364+0000] {task_command.py:426} INFO - Running <TaskInstance: export_postgres_tables_to_parquet.export_tables manual__2025-04-27T04:59:05.056380+00:00 [running]> on host b830a459ba03
[2025-04-27T04:59:06.403+0000] {taskinstance.py:2644} INFO - Exporting env vars: AIRFLOW_CTX_DAG_OWNER='***' AIRFLOW_CTX_DAG_ID='export_postgres_tables_to_parquet' AIRFLOW_CTX_TASK_ID='export_tables' AIRFLOW_CTX_EXECUTION_DATE='2025-04-27T04:59:05.056380+00:00' AIRFLOW_CTX_TRY_NUMBER='1' AIRFLOW_CTX_DAG_RUN_ID='manual__2025-04-27T04:59:05.056380+00:00'
[2025-04-27T04:59:06.403+0000] {taskinstance.py:430} INFO - ::endgroup::
[2025-04-27T04:59:06.468+0000] {logging_mixin.py:188} INFO - Tabela patients salva em Parquet.
[2025-04-27T04:59:06.481+0000] {logging_mixin.py:188} INFO - Tabela appointments salva em Parquet.
[2025-04-27T04:59:06.492+0000] {logging_mixin.py:188} INFO - Tabela providers salva em Parquet.
[2025-04-27T04:59:06.505+0000] {logging_mixin.py:188} INFO - Tabela prescriptions salva em Parquet.
[2025-04-27T04:59:06.505+0000] {python.py:237} INFO - Done. Returned value was: None
[2025-04-27T04:59:06.505+0000] {taskinstance.py:441} INFO - ::group::Post task execution logs
[2025-04-27T04:59:06.510+0000] {taskinstance.py:1205} INFO - Marking task as SUCCESS. dag_id=export_postgres_tables_to_parquet, task_id=export_tables, execution_date=20250427T045905, start_date=20250427T045906, end_date=20250427T045906
[2025-04-27T04:59:06.525+0000] {local_task_job_runner.py:240} INFO - Task exited with return code 0
[2025-04-27T04:59:06.534+0000] {taskinstance.py:3482} INFO - 0 downstream tasks scheduled from follow-on schedule check
[2025-04-27T04:59:06.535+0000] {local_task_job_runner.py:222} INFO - ::endgroup::
