[2025-04-28T01:23:26.500+0000] {local_task_job_runner.py:120} INFO - ::group::Pre task execution logs
[2025-04-28T01:23:26.514+0000] {taskinstance.py:2073} INFO - Dependencies all met for dep_context=non-requeueable deps ti=<TaskInstance: create_gold_tables_from_parquet.create_gold_tables manual__2025-04-28T01:23:25.920610+00:00 [queued]>
[2025-04-28T01:23:26.518+0000] {taskinstance.py:2073} INFO - Dependencies all met for dep_context=requeueable deps ti=<TaskInstance: create_gold_tables_from_parquet.create_gold_tables manual__2025-04-28T01:23:25.920610+00:00 [queued]>
[2025-04-28T01:23:26.518+0000] {taskinstance.py:2303} INFO - Starting attempt 1 of 1
[2025-04-28T01:23:26.524+0000] {taskinstance.py:2327} INFO - Executing <Task(PythonOperator): create_gold_tables> on 2025-04-28 01:23:25.920610+00:00
[2025-04-28T01:23:26.528+0000] {standard_task_runner.py:90} INFO - Running: ['***', 'tasks', 'run', 'create_gold_tables_from_parquet', 'create_gold_tables', 'manual__2025-04-28T01:23:25.920610+00:00', '--job-id', '22', '--raw', '--subdir', 'DAGS_FOLDER/create_gold_tables_from_parquet.py', '--cfg-path', '/tmp/tmph4axk66r']
[2025-04-28T01:23:26.529+0000] {standard_task_runner.py:91} INFO - Job 22: Subtask create_gold_tables
[2025-04-28T01:23:26.529+0000] {logging_mixin.py:188} WARNING - /home/***/.local/lib/python3.12/site-packages/***/task/task_runner/standard_task_runner.py:61 DeprecationWarning: This process (pid=195) is multi-threaded, use of fork() may lead to deadlocks in the child.
[2025-04-28T01:23:26.531+0000] {standard_task_runner.py:63} INFO - Started process 197 to run task
[2025-04-28T01:23:26.557+0000] {task_command.py:426} INFO - Running <TaskInstance: create_gold_tables_from_parquet.create_gold_tables manual__2025-04-28T01:23:25.920610+00:00 [running]> on host 25cea5d6e0b5
[2025-04-28T01:23:26.599+0000] {taskinstance.py:2644} INFO - Exporting env vars: AIRFLOW_CTX_DAG_OWNER='***' AIRFLOW_CTX_DAG_ID='create_gold_tables_from_parquet' AIRFLOW_CTX_TASK_ID='create_gold_tables' AIRFLOW_CTX_EXECUTION_DATE='2025-04-28T01:23:25.920610+00:00' AIRFLOW_CTX_TRY_NUMBER='1' AIRFLOW_CTX_DAG_RUN_ID='manual__2025-04-28T01:23:25.920610+00:00'
[2025-04-28T01:23:26.599+0000] {taskinstance.py:430} INFO - ::endgroup::
[2025-04-28T01:23:26.607+0000] {logging_mixin.py:188} INFO - Lendo arquivos da gold: /opt/***/app/bucket/gold/year=2025/month=04/day=28
[2025-04-28T01:23:26.651+0000] {logging_mixin.py:188} INFO - Schema 'gold' garantido.
[2025-04-28T01:23:26.657+0000] {logging_mixin.py:188} INFO - Tabela gold.appointments garantida.
[2025-04-28T01:23:26.660+0000] {logging_mixin.py:188} INFO - Tabela gold.patients garantida.
[2025-04-28T01:23:26.662+0000] {logging_mixin.py:188} INFO - Tabela gold.prescriptions garantida.
[2025-04-28T01:23:26.665+0000] {logging_mixin.py:188} INFO - Tabela gold.providers garantida.
[2025-04-28T01:23:26.665+0000] {python.py:237} INFO - Done. Returned value was: None
[2025-04-28T01:23:26.665+0000] {taskinstance.py:441} INFO - ::group::Post task execution logs
[2025-04-28T01:23:26.671+0000] {taskinstance.py:1205} INFO - Marking task as SUCCESS. dag_id=create_gold_tables_from_parquet, task_id=create_gold_tables, execution_date=20250428T012325, start_date=20250428T012326, end_date=20250428T012326
[2025-04-28T01:23:26.711+0000] {local_task_job_runner.py:240} INFO - Task exited with return code 0
[2025-04-28T01:23:26.722+0000] {taskinstance.py:3482} INFO - 0 downstream tasks scheduled from follow-on schedule check
[2025-04-28T01:23:26.723+0000] {local_task_job_runner.py:222} INFO - ::endgroup::
