[2025-04-28T01:19:19.416+0000] {local_task_job_runner.py:120} INFO - ::group::Pre task execution logs
[2025-04-28T01:19:19.430+0000] {taskinstance.py:2073} INFO - Dependencies all met for dep_context=non-requeueable deps ti=<TaskInstance: move_landing_to_bronze_partitioned.move_to_bronze manual__2025-04-28T01:19:18.338742+00:00 [queued]>
[2025-04-28T01:19:19.434+0000] {taskinstance.py:2073} INFO - Dependencies all met for dep_context=requeueable deps ti=<TaskInstance: move_landing_to_bronze_partitioned.move_to_bronze manual__2025-04-28T01:19:18.338742+00:00 [queued]>
[2025-04-28T01:19:19.434+0000] {taskinstance.py:2303} INFO - Starting attempt 1 of 1
[2025-04-28T01:19:19.439+0000] {taskinstance.py:2327} INFO - Executing <Task(PythonOperator): move_to_bronze> on 2025-04-28 01:19:18.338742+00:00
[2025-04-28T01:19:19.443+0000] {standard_task_runner.py:90} INFO - Running: ['***', 'tasks', 'run', 'move_landing_to_bronze_partitioned', 'move_to_bronze', 'manual__2025-04-28T01:19:18.338742+00:00', '--job-id', '17', '--raw', '--subdir', 'DAGS_FOLDER/move_landing_to_bronze_partitioned.py', '--cfg-path', '/tmp/tmp0ddgmkbl']
[2025-04-28T01:19:19.444+0000] {standard_task_runner.py:91} INFO - Job 17: Subtask move_to_bronze
[2025-04-28T01:19:19.444+0000] {logging_mixin.py:188} WARNING - /home/***/.local/lib/python3.12/site-packages/***/task/task_runner/standard_task_runner.py:61 DeprecationWarning: This process (pid=321) is multi-threaded, use of fork() may lead to deadlocks in the child.
[2025-04-28T01:19:19.445+0000] {standard_task_runner.py:63} INFO - Started process 323 to run task
[2025-04-28T01:19:19.469+0000] {task_command.py:426} INFO - Running <TaskInstance: move_landing_to_bronze_partitioned.move_to_bronze manual__2025-04-28T01:19:18.338742+00:00 [running]> on host 25cea5d6e0b5
[2025-04-28T01:19:19.505+0000] {taskinstance.py:2644} INFO - Exporting env vars: AIRFLOW_CTX_DAG_OWNER='***' AIRFLOW_CTX_DAG_ID='move_landing_to_bronze_partitioned' AIRFLOW_CTX_TASK_ID='move_to_bronze' AIRFLOW_CTX_EXECUTION_DATE='2025-04-28T01:19:18.338742+00:00' AIRFLOW_CTX_TRY_NUMBER='1' AIRFLOW_CTX_DAG_RUN_ID='manual__2025-04-28T01:19:18.338742+00:00'
[2025-04-28T01:19:19.506+0000] {taskinstance.py:430} INFO - ::endgroup::
[2025-04-28T01:19:19.551+0000] {logging_mixin.py:188} INFO - Arquivo salvo: /opt/***/app/bucket/bronze/year=2025/month=04/day=28/patients.parquet
[2025-04-28T01:19:19.551+0000] {logging_mixin.py:188} INFO - Arquivo original removido: patients.parquet
[2025-04-28T01:19:19.557+0000] {logging_mixin.py:188} INFO - Arquivo salvo: /opt/***/app/bucket/bronze/year=2025/month=04/day=28/appointments.parquet
[2025-04-28T01:19:19.558+0000] {logging_mixin.py:188} INFO - Arquivo original removido: appointments.parquet
[2025-04-28T01:19:19.563+0000] {logging_mixin.py:188} INFO - Arquivo salvo: /opt/***/app/bucket/bronze/year=2025/month=04/day=28/prescriptions.parquet
[2025-04-28T01:19:19.564+0000] {logging_mixin.py:188} INFO - Arquivo original removido: prescriptions.parquet
[2025-04-28T01:19:19.569+0000] {logging_mixin.py:188} INFO - Arquivo salvo: /opt/***/app/bucket/bronze/year=2025/month=04/day=28/providers.parquet
[2025-04-28T01:19:19.569+0000] {logging_mixin.py:188} INFO - Arquivo original removido: providers.parquet
[2025-04-28T01:19:19.570+0000] {python.py:237} INFO - Done. Returned value was: None
[2025-04-28T01:19:19.570+0000] {taskinstance.py:441} INFO - ::group::Post task execution logs
[2025-04-28T01:19:19.575+0000] {taskinstance.py:1205} INFO - Marking task as SUCCESS. dag_id=move_landing_to_bronze_partitioned, task_id=move_to_bronze, execution_date=20250428T011918, start_date=20250428T011919, end_date=20250428T011919
[2025-04-28T01:19:19.587+0000] {local_task_job_runner.py:240} INFO - Task exited with return code 0
[2025-04-28T01:19:19.597+0000] {taskinstance.py:3482} INFO - 0 downstream tasks scheduled from follow-on schedule check
[2025-04-28T01:19:19.598+0000] {local_task_job_runner.py:222} INFO - ::endgroup::
