[2025-04-28T14:15:34.063+0000] {local_task_job_runner.py:120} INFO - ::group::Pre task execution logs
[2025-04-28T14:15:34.078+0000] {taskinstance.py:2073} INFO - Dependencies all met for dep_context=non-requeueable deps ti=<TaskInstance: create_gold_tables_and_insert_data.create_gold_tables_and_insert_data manual__2025-04-28T14:15:32.928953+00:00 [queued]>
[2025-04-28T14:15:34.082+0000] {taskinstance.py:2073} INFO - Dependencies all met for dep_context=requeueable deps ti=<TaskInstance: create_gold_tables_and_insert_data.create_gold_tables_and_insert_data manual__2025-04-28T14:15:32.928953+00:00 [queued]>
[2025-04-28T14:15:34.082+0000] {taskinstance.py:2303} INFO - Starting attempt 1 of 1
[2025-04-28T14:15:34.088+0000] {taskinstance.py:2327} INFO - Executing <Task(PythonOperator): create_gold_tables_and_insert_data> on 2025-04-28 14:15:32.928953+00:00
[2025-04-28T14:15:34.092+0000] {standard_task_runner.py:90} INFO - Running: ['***', 'tasks', 'run', 'create_gold_tables_and_insert_data', 'create_gold_tables_and_insert_data', 'manual__2025-04-28T14:15:32.928953+00:00', '--job-id', '75', '--raw', '--subdir', 'DAGS_FOLDER/create_gold_tables_from_parquet.py', '--cfg-path', '/tmp/tmp5zazdf2g']
[2025-04-28T14:15:34.093+0000] {standard_task_runner.py:91} INFO - Job 75: Subtask create_gold_tables_and_insert_data
[2025-04-28T14:15:34.093+0000] {logging_mixin.py:188} WARNING - /home/***/.local/lib/python3.12/site-packages/***/task/task_runner/standard_task_runner.py:61 DeprecationWarning: This process (pid=508) is multi-threaded, use of fork() may lead to deadlocks in the child.
[2025-04-28T14:15:34.094+0000] {standard_task_runner.py:63} INFO - Started process 510 to run task
[2025-04-28T14:15:34.119+0000] {task_command.py:426} INFO - Running <TaskInstance: create_gold_tables_and_insert_data.create_gold_tables_and_insert_data manual__2025-04-28T14:15:32.928953+00:00 [running]> on host 25cea5d6e0b5
[2025-04-28T14:15:34.158+0000] {taskinstance.py:2644} INFO - Exporting env vars: AIRFLOW_CTX_DAG_OWNER='***' AIRFLOW_CTX_DAG_ID='create_gold_tables_and_insert_data' AIRFLOW_CTX_TASK_ID='create_gold_tables_and_insert_data' AIRFLOW_CTX_EXECUTION_DATE='2025-04-28T14:15:32.928953+00:00' AIRFLOW_CTX_TRY_NUMBER='1' AIRFLOW_CTX_DAG_RUN_ID='manual__2025-04-28T14:15:32.928953+00:00'
[2025-04-28T14:15:34.159+0000] {taskinstance.py:430} INFO - ::endgroup::
[2025-04-28T14:15:34.166+0000] {logging_mixin.py:188} INFO - Lendo arquivos da gold: /opt/***/app/bucket/gold/year=2025/month=04/day=28
[2025-04-28T14:15:34.200+0000] {logging_mixin.py:188} INFO - Schema 'gold' garantido.
[2025-04-28T14:15:34.203+0000] {logging_mixin.py:188} INFO - Tabela gold.appointments garantida.
[2025-04-28T14:15:34.212+0000] {logging_mixin.py:188} INFO - Dados inseridos na tabela gold.appointments com sucesso.
[2025-04-28T14:15:34.215+0000] {logging_mixin.py:188} INFO - Tabela gold.patients garantida.
[2025-04-28T14:15:34.220+0000] {logging_mixin.py:188} INFO - Dados inseridos na tabela gold.patients com sucesso.
[2025-04-28T14:15:34.223+0000] {logging_mixin.py:188} INFO - Tabela gold.prescriptions garantida.
[2025-04-28T14:15:34.230+0000] {logging_mixin.py:188} INFO - Dados inseridos na tabela gold.prescriptions com sucesso.
[2025-04-28T14:15:34.232+0000] {logging_mixin.py:188} INFO - Tabela gold.providers garantida.
[2025-04-28T14:15:34.235+0000] {logging_mixin.py:188} INFO - Dados inseridos na tabela gold.providers com sucesso.
[2025-04-28T14:15:34.235+0000] {python.py:237} INFO - Done. Returned value was: None
[2025-04-28T14:15:34.235+0000] {taskinstance.py:441} INFO - ::group::Post task execution logs
[2025-04-28T14:15:34.240+0000] {taskinstance.py:1205} INFO - Marking task as SUCCESS. dag_id=create_gold_tables_and_insert_data, task_id=create_gold_tables_and_insert_data, execution_date=20250428T141532, start_date=20250428T141534, end_date=20250428T141534
[2025-04-28T14:15:34.278+0000] {local_task_job_runner.py:240} INFO - Task exited with return code 0
[2025-04-28T14:15:34.289+0000] {taskinstance.py:3482} INFO - 0 downstream tasks scheduled from follow-on schedule check
[2025-04-28T14:15:34.290+0000] {local_task_job_runner.py:222} INFO - ::endgroup::
