[2025-04-28T14:09:58.493+0000] {local_task_job_runner.py:120} INFO - ::group::Pre task execution logs
[2025-04-28T14:09:58.506+0000] {taskinstance.py:2073} INFO - Dependencies all met for dep_context=non-requeueable deps ti=<TaskInstance: silver_to_gold_feature_engineering.process_silver_to_gold manual__2025-04-28T14:09:57.274652+00:00 [queued]>
[2025-04-28T14:09:58.509+0000] {taskinstance.py:2073} INFO - Dependencies all met for dep_context=requeueable deps ti=<TaskInstance: silver_to_gold_feature_engineering.process_silver_to_gold manual__2025-04-28T14:09:57.274652+00:00 [queued]>
[2025-04-28T14:09:58.510+0000] {taskinstance.py:2303} INFO - Starting attempt 1 of 1
[2025-04-28T14:09:58.515+0000] {taskinstance.py:2327} INFO - Executing <Task(PythonOperator): process_silver_to_gold> on 2025-04-28 14:09:57.274652+00:00
[2025-04-28T14:09:58.519+0000] {standard_task_runner.py:90} INFO - Running: ['***', 'tasks', 'run', 'silver_to_gold_feature_engineering', 'process_silver_to_gold', 'manual__2025-04-28T14:09:57.274652+00:00', '--job-id', '63', '--raw', '--subdir', 'DAGS_FOLDER/silver_to_gold_feature_engineering.py', '--cfg-path', '/tmp/tmp7mp1sppq']
[2025-04-28T14:09:58.522+0000] {standard_task_runner.py:91} INFO - Job 63: Subtask process_silver_to_gold
[2025-04-28T14:09:58.521+0000] {logging_mixin.py:188} WARNING - /home/***/.local/lib/python3.12/site-packages/***/task/task_runner/standard_task_runner.py:61 DeprecationWarning: This process (pid=270) is multi-threaded, use of fork() may lead to deadlocks in the child.
[2025-04-28T14:09:58.523+0000] {standard_task_runner.py:63} INFO - Started process 274 to run task
[2025-04-28T14:09:58.546+0000] {task_command.py:426} INFO - Running <TaskInstance: silver_to_gold_feature_engineering.process_silver_to_gold manual__2025-04-28T14:09:57.274652+00:00 [running]> on host 25cea5d6e0b5
[2025-04-28T14:09:58.585+0000] {taskinstance.py:2644} INFO - Exporting env vars: AIRFLOW_CTX_DAG_OWNER='***' AIRFLOW_CTX_DAG_ID='silver_to_gold_feature_engineering' AIRFLOW_CTX_TASK_ID='process_silver_to_gold' AIRFLOW_CTX_EXECUTION_DATE='2025-04-28T14:09:57.274652+00:00' AIRFLOW_CTX_TRY_NUMBER='1' AIRFLOW_CTX_DAG_RUN_ID='manual__2025-04-28T14:09:57.274652+00:00'
[2025-04-28T14:09:58.586+0000] {taskinstance.py:430} INFO - ::endgroup::
[2025-04-28T14:09:58.593+0000] {logging_mixin.py:188} INFO - Reading from silver: /opt/***/app/bucket/silver/year=2025/month=04/day=28
[2025-04-28T14:09:58.624+0000] {logging_mixin.py:188} INFO - Saving to gold: /opt/***/app/bucket/gold/year=2025/month=04/day=28
[2025-04-28T14:09:58.637+0000] {logging_mixin.py:188} INFO - ✅ Data saved successfully to GOLD layer!
[2025-04-28T14:09:58.637+0000] {python.py:237} INFO - Done. Returned value was: None
[2025-04-28T14:09:58.637+0000] {taskinstance.py:441} INFO - ::group::Post task execution logs
[2025-04-28T14:09:58.642+0000] {taskinstance.py:1205} INFO - Marking task as SUCCESS. dag_id=silver_to_gold_feature_engineering, task_id=process_silver_to_gold, execution_date=20250428T140957, start_date=20250428T140958, end_date=20250428T140958
[2025-04-28T14:09:58.667+0000] {local_task_job_runner.py:240} INFO - Task exited with return code 0
[2025-04-28T14:09:58.675+0000] {taskinstance.py:3482} INFO - 0 downstream tasks scheduled from follow-on schedule check
[2025-04-28T14:09:58.676+0000] {local_task_job_runner.py:222} INFO - ::endgroup::
