[2025-04-28T14:09:58.277+0000] {local_task_job_runner.py:120} INFO - ::group::Pre task execution logs
[2025-04-28T14:09:58.292+0000] {taskinstance.py:2073} INFO - Dependencies all met for dep_context=non-requeueable deps ti=<TaskInstance: orchestrate_full_pipeline.trigger_create_gold_tables manual__2025-04-28T14:09:51.750080+00:00 [queued]>
[2025-04-28T14:09:58.296+0000] {taskinstance.py:2073} INFO - Dependencies all met for dep_context=requeueable deps ti=<TaskInstance: orchestrate_full_pipeline.trigger_create_gold_tables manual__2025-04-28T14:09:51.750080+00:00 [queued]>
[2025-04-28T14:09:58.296+0000] {taskinstance.py:2303} INFO - Starting attempt 1 of 1
[2025-04-28T14:09:58.301+0000] {taskinstance.py:2327} INFO - Executing <Task(TriggerDagRunOperator): trigger_create_gold_tables> on 2025-04-28 14:09:51.750080+00:00
[2025-04-28T14:09:58.305+0000] {standard_task_runner.py:90} INFO - Running: ['***', 'tasks', 'run', 'orchestrate_full_pipeline', 'trigger_create_gold_tables', 'manual__2025-04-28T14:09:51.750080+00:00', '--job-id', '62', '--raw', '--subdir', 'DAGS_FOLDER/orchestrate_full_pipeline.py', '--cfg-path', '/tmp/tmplcz1o39j']
[2025-04-28T14:09:58.307+0000] {standard_task_runner.py:91} INFO - Job 62: Subtask trigger_create_gold_tables
[2025-04-28T14:09:58.306+0000] {logging_mixin.py:188} WARNING - /home/***/.local/lib/python3.12/site-packages/***/task/task_runner/standard_task_runner.py:61 DeprecationWarning: This process (pid=271) is multi-threaded, use of fork() may lead to deadlocks in the child.
[2025-04-28T14:09:58.307+0000] {standard_task_runner.py:63} INFO - Started process 273 to run task
[2025-04-28T14:09:58.334+0000] {task_command.py:426} INFO - Running <TaskInstance: orchestrate_full_pipeline.trigger_create_gold_tables manual__2025-04-28T14:09:51.750080+00:00 [running]> on host 25cea5d6e0b5
[2025-04-28T14:09:58.381+0000] {taskinstance.py:2644} INFO - Exporting env vars: AIRFLOW_CTX_DAG_OWNER='***' AIRFLOW_CTX_DAG_ID='orchestrate_full_pipeline' AIRFLOW_CTX_TASK_ID='trigger_create_gold_tables' AIRFLOW_CTX_EXECUTION_DATE='2025-04-28T14:09:51.750080+00:00' AIRFLOW_CTX_TRY_NUMBER='1' AIRFLOW_CTX_DAG_RUN_ID='manual__2025-04-28T14:09:51.750080+00:00'
[2025-04-28T14:09:58.381+0000] {taskinstance.py:430} INFO - ::endgroup::
[2025-04-28T14:09:58.401+0000] {taskinstance.py:441} INFO - ::group::Post task execution logs
[2025-04-28T14:09:58.405+0000] {taskinstance.py:2890} ERROR - Task failed with exception
Traceback (most recent call last):
  File "/home/airflow/.local/lib/python3.12/site-packages/airflow/models/taskinstance.py", line 465, in _execute_task
    result = _execute_callable(context=context, **execute_callable_kwargs)
             ^^^^^^^^^^^^^^^^^^^^^^^^^^^^^^^^^^^^^^^^^^^^^^^^^^^^^^^^^^^^^
  File "/home/airflow/.local/lib/python3.12/site-packages/airflow/models/taskinstance.py", line 432, in _execute_callable
    return execute_callable(context=context, **execute_callable_kwargs)
           ^^^^^^^^^^^^^^^^^^^^^^^^^^^^^^^^^^^^^^^^^^^^^^^^^^^^^^^^^^^^
  File "/home/airflow/.local/lib/python3.12/site-packages/airflow/models/baseoperator.py", line 400, in wrapper
    return func(self, *args, **kwargs)
           ^^^^^^^^^^^^^^^^^^^^^^^^^^^
  File "/home/airflow/.local/lib/python3.12/site-packages/airflow/operators/trigger_dagrun.py", line 165, in execute
    dag_run = trigger_dag(
              ^^^^^^^^^^^^
  File "/home/airflow/.local/lib/python3.12/site-packages/airflow/api/common/trigger_dag.py", line 126, in trigger_dag
    triggers = _trigger_dag(
               ^^^^^^^^^^^^^
  File "/home/airflow/.local/lib/python3.12/site-packages/airflow/api/common/trigger_dag.py", line 56, in _trigger_dag
    raise DagNotFound(f"Dag id {dag_id} not found")
airflow.exceptions.DagNotFound: Dag id create_gold_tables_from_parquet not found
[2025-04-28T14:09:58.409+0000] {taskinstance.py:1205} INFO - Marking task as FAILED. dag_id=orchestrate_full_pipeline, task_id=trigger_create_gold_tables, execution_date=20250428T140951, start_date=20250428T140958, end_date=20250428T140958
[2025-04-28T14:09:58.414+0000] {standard_task_runner.py:110} ERROR - Failed to execute job 62 for task trigger_create_gold_tables (Dag id create_gold_tables_from_parquet not found; 273)
[2025-04-28T14:09:58.452+0000] {local_task_job_runner.py:240} INFO - Task exited with return code 1
[2025-04-28T14:09:58.465+0000] {taskinstance.py:3482} INFO - 0 downstream tasks scheduled from follow-on schedule check
[2025-04-28T14:09:58.467+0000] {local_task_job_runner.py:222} INFO - ::endgroup::
