[2025-04-28T13:00:16.309+0000] {local_task_job_runner.py:120} INFO - ::group::Pre task execution logs
[2025-04-28T13:00:16.323+0000] {taskinstance.py:2073} INFO - Dependencies all met for dep_context=non-requeueable deps ti=<TaskInstance: create_gold_tables_from_parquet.create_gold_tables manual__2025-04-28T13:00:15.752851+00:00 [queued]>
[2025-04-28T13:00:16.327+0000] {taskinstance.py:2073} INFO - Dependencies all met for dep_context=requeueable deps ti=<TaskInstance: create_gold_tables_from_parquet.create_gold_tables manual__2025-04-28T13:00:15.752851+00:00 [queued]>
[2025-04-28T13:00:16.328+0000] {taskinstance.py:2303} INFO - Starting attempt 1 of 1
[2025-04-28T13:00:16.333+0000] {taskinstance.py:2327} INFO - Executing <Task(PythonOperator): create_gold_tables> on 2025-04-28 13:00:15.752851+00:00
[2025-04-28T13:00:16.337+0000] {standard_task_runner.py:90} INFO - Running: ['***', 'tasks', 'run', 'create_gold_tables_from_parquet', 'create_gold_tables', 'manual__2025-04-28T13:00:15.752851+00:00', '--job-id', '53', '--raw', '--subdir', 'DAGS_FOLDER/create_gold_tables_from_parquet.py', '--cfg-path', '/tmp/tmpu5xdj384']
[2025-04-28T13:00:16.340+0000] {standard_task_runner.py:91} INFO - Job 53: Subtask create_gold_tables
[2025-04-28T13:00:16.340+0000] {logging_mixin.py:188} WARNING - /home/***/.local/lib/python3.12/site-packages/***/task/task_runner/standard_task_runner.py:61 DeprecationWarning: This process (pid=5827) is multi-threaded, use of fork() may lead to deadlocks in the child.
[2025-04-28T13:00:16.341+0000] {standard_task_runner.py:63} INFO - Started process 5829 to run task
[2025-04-28T13:00:16.364+0000] {task_command.py:426} INFO - Running <TaskInstance: create_gold_tables_from_parquet.create_gold_tables manual__2025-04-28T13:00:15.752851+00:00 [running]> on host 25cea5d6e0b5
[2025-04-28T13:00:16.401+0000] {taskinstance.py:2644} INFO - Exporting env vars: AIRFLOW_CTX_DAG_OWNER='***' AIRFLOW_CTX_DAG_ID='create_gold_tables_from_parquet' AIRFLOW_CTX_TASK_ID='create_gold_tables' AIRFLOW_CTX_EXECUTION_DATE='2025-04-28T13:00:15.752851+00:00' AIRFLOW_CTX_TRY_NUMBER='1' AIRFLOW_CTX_DAG_RUN_ID='manual__2025-04-28T13:00:15.752851+00:00'
[2025-04-28T13:00:16.402+0000] {taskinstance.py:430} INFO - ::endgroup::
[2025-04-28T13:00:16.408+0000] {logging_mixin.py:188} INFO - Lendo arquivos da gold: /opt/***/app/bucket/gold/year=2025/month=04/day=28
[2025-04-28T13:00:16.440+0000] {logging_mixin.py:188} INFO - Schema 'gold' garantido.
[2025-04-28T13:00:16.441+0000] {logging_mixin.py:188} INFO - Tabela gold.appointments garantida.
[2025-04-28T13:00:16.443+0000] {logging_mixin.py:188} INFO - Tabela gold.patients garantida.
[2025-04-28T13:00:16.444+0000] {logging_mixin.py:188} INFO - Tabela gold.prescriptions garantida.
[2025-04-28T13:00:16.445+0000] {logging_mixin.py:188} INFO - Tabela gold.providers garantida.
[2025-04-28T13:00:16.445+0000] {python.py:237} INFO - Done. Returned value was: None
[2025-04-28T13:00:16.446+0000] {taskinstance.py:441} INFO - ::group::Post task execution logs
[2025-04-28T13:00:16.451+0000] {taskinstance.py:1205} INFO - Marking task as SUCCESS. dag_id=create_gold_tables_from_parquet, task_id=create_gold_tables, execution_date=20250428T130015, start_date=20250428T130016, end_date=20250428T130016
[2025-04-28T13:00:16.482+0000] {local_task_job_runner.py:240} INFO - Task exited with return code 0
[2025-04-28T13:00:16.492+0000] {taskinstance.py:3482} INFO - 0 downstream tasks scheduled from follow-on schedule check
[2025-04-28T13:00:16.493+0000] {local_task_job_runner.py:222} INFO - ::endgroup::
