[2025-04-27T04:48:30.252+0000] {processor.py:161} INFO - Started process (PID=165) to work on /opt/airflow/dags/export_tables_to_parquet.py
[2025-04-27T04:48:30.253+0000] {processor.py:830} INFO - Processing file /opt/airflow/dags/export_tables_to_parquet.py for tasks to queue
[2025-04-27T04:48:30.254+0000] {logging_mixin.py:188} INFO - [2025-04-27T04:48:30.254+0000] {dagbag.py:540} INFO - Filling up the DagBag from /opt/airflow/dags/export_tables_to_parquet.py
[2025-04-27T04:48:30.900+0000] {processor.py:840} INFO - DAG(s) 'export_postgres_tables_to_parquet' retrieved from /opt/airflow/dags/export_tables_to_parquet.py
[2025-04-27T04:48:31.086+0000] {logging_mixin.py:188} INFO - [2025-04-27T04:48:31.086+0000] {override.py:1829} INFO - Created Permission View: can delete on DAG:export_postgres_tables_to_parquet
[2025-04-27T04:48:31.090+0000] {logging_mixin.py:188} INFO - [2025-04-27T04:48:31.090+0000] {override.py:1829} INFO - Created Permission View: can read on DAG:export_postgres_tables_to_parquet
[2025-04-27T04:48:31.092+0000] {logging_mixin.py:188} INFO - [2025-04-27T04:48:31.092+0000] {override.py:1829} INFO - Created Permission View: can edit on DAG:export_postgres_tables_to_parquet
[2025-04-27T04:48:31.092+0000] {logging_mixin.py:188} INFO - [2025-04-27T04:48:31.092+0000] {dag.py:3096} INFO - Sync 1 DAGs
[2025-04-27T04:48:31.096+0000] {logging_mixin.py:188} INFO - [2025-04-27T04:48:31.096+0000] {dag.py:3118} INFO - Creating ORM DAG for export_postgres_tables_to_parquet
[2025-04-27T04:48:31.096+0000] {logging_mixin.py:188} INFO - [2025-04-27T04:48:31.096+0000] {dag.py:3954} INFO - Setting next_dagrun for export_postgres_tables_to_parquet to None, run_after=None
[2025-04-27T04:48:31.103+0000] {processor.py:183} INFO - Processing /opt/airflow/dags/export_tables_to_parquet.py took 0.853 seconds
[2025-04-27T04:49:01.429+0000] {processor.py:161} INFO - Started process (PID=174) to work on /opt/airflow/dags/export_tables_to_parquet.py
[2025-04-27T04:49:01.430+0000] {processor.py:830} INFO - Processing file /opt/airflow/dags/export_tables_to_parquet.py for tasks to queue
[2025-04-27T04:49:01.432+0000] {logging_mixin.py:188} INFO - [2025-04-27T04:49:01.431+0000] {dagbag.py:540} INFO - Filling up the DagBag from /opt/airflow/dags/export_tables_to_parquet.py
[2025-04-27T04:49:01.571+0000] {processor.py:840} INFO - DAG(s) 'export_postgres_tables_to_parquet' retrieved from /opt/airflow/dags/export_tables_to_parquet.py
[2025-04-27T04:49:01.583+0000] {logging_mixin.py:188} INFO - [2025-04-27T04:49:01.583+0000] {dag.py:3096} INFO - Sync 1 DAGs
[2025-04-27T04:49:01.654+0000] {logging_mixin.py:188} INFO - [2025-04-27T04:49:01.654+0000] {dag.py:3954} INFO - Setting next_dagrun for export_postgres_tables_to_parquet to None, run_after=None
[2025-04-27T04:49:01.662+0000] {processor.py:183} INFO - Processing /opt/airflow/dags/export_tables_to_parquet.py took 0.239 seconds
[2025-04-27T04:49:31.757+0000] {processor.py:161} INFO - Started process (PID=180) to work on /opt/airflow/dags/export_tables_to_parquet.py
[2025-04-27T04:49:31.757+0000] {processor.py:830} INFO - Processing file /opt/airflow/dags/export_tables_to_parquet.py for tasks to queue
[2025-04-27T04:49:31.759+0000] {logging_mixin.py:188} INFO - [2025-04-27T04:49:31.759+0000] {dagbag.py:540} INFO - Filling up the DagBag from /opt/airflow/dags/export_tables_to_parquet.py
[2025-04-27T04:49:31.902+0000] {processor.py:840} INFO - DAG(s) 'export_postgres_tables_to_parquet' retrieved from /opt/airflow/dags/export_tables_to_parquet.py
[2025-04-27T04:49:31.985+0000] {logging_mixin.py:188} INFO - [2025-04-27T04:49:31.985+0000] {dag.py:3096} INFO - Sync 1 DAGs
[2025-04-27T04:49:31.990+0000] {logging_mixin.py:188} INFO - [2025-04-27T04:49:31.990+0000] {dag.py:3954} INFO - Setting next_dagrun for export_postgres_tables_to_parquet to None, run_after=None
[2025-04-27T04:49:31.998+0000] {processor.py:183} INFO - Processing /opt/airflow/dags/export_tables_to_parquet.py took 0.247 seconds
[2025-04-27T04:50:02.324+0000] {processor.py:161} INFO - Started process (PID=186) to work on /opt/airflow/dags/export_tables_to_parquet.py
[2025-04-27T04:50:02.325+0000] {processor.py:830} INFO - Processing file /opt/airflow/dags/export_tables_to_parquet.py for tasks to queue
[2025-04-27T04:50:02.326+0000] {logging_mixin.py:188} INFO - [2025-04-27T04:50:02.326+0000] {dagbag.py:540} INFO - Filling up the DagBag from /opt/airflow/dags/export_tables_to_parquet.py
[2025-04-27T04:50:02.543+0000] {processor.py:840} INFO - DAG(s) 'export_postgres_tables_to_parquet' retrieved from /opt/airflow/dags/export_tables_to_parquet.py
[2025-04-27T04:50:02.553+0000] {logging_mixin.py:188} INFO - [2025-04-27T04:50:02.553+0000] {dag.py:3096} INFO - Sync 1 DAGs
[2025-04-27T04:50:02.557+0000] {logging_mixin.py:188} INFO - [2025-04-27T04:50:02.557+0000] {dag.py:3954} INFO - Setting next_dagrun for export_postgres_tables_to_parquet to None, run_after=None
[2025-04-27T04:50:02.565+0000] {processor.py:183} INFO - Processing /opt/airflow/dags/export_tables_to_parquet.py took 0.247 seconds
[2025-04-27T04:50:32.675+0000] {processor.py:161} INFO - Started process (PID=192) to work on /opt/airflow/dags/export_tables_to_parquet.py
[2025-04-27T04:50:32.675+0000] {processor.py:830} INFO - Processing file /opt/airflow/dags/export_tables_to_parquet.py for tasks to queue
[2025-04-27T04:50:32.676+0000] {logging_mixin.py:188} INFO - [2025-04-27T04:50:32.676+0000] {dagbag.py:540} INFO - Filling up the DagBag from /opt/airflow/dags/export_tables_to_parquet.py
[2025-04-27T04:50:32.904+0000] {processor.py:840} INFO - DAG(s) 'export_postgres_tables_to_parquet' retrieved from /opt/airflow/dags/export_tables_to_parquet.py
[2025-04-27T04:50:32.916+0000] {logging_mixin.py:188} INFO - [2025-04-27T04:50:32.916+0000] {dag.py:3096} INFO - Sync 1 DAGs
[2025-04-27T04:50:32.921+0000] {logging_mixin.py:188} INFO - [2025-04-27T04:50:32.921+0000] {dag.py:3954} INFO - Setting next_dagrun for export_postgres_tables_to_parquet to None, run_after=None
[2025-04-27T04:50:32.929+0000] {processor.py:183} INFO - Processing /opt/airflow/dags/export_tables_to_parquet.py took 0.258 seconds
[2025-04-27T04:51:03.164+0000] {processor.py:161} INFO - Started process (PID=198) to work on /opt/airflow/dags/export_tables_to_parquet.py
[2025-04-27T04:51:03.165+0000] {processor.py:830} INFO - Processing file /opt/airflow/dags/export_tables_to_parquet.py for tasks to queue
[2025-04-27T04:51:03.166+0000] {logging_mixin.py:188} INFO - [2025-04-27T04:51:03.166+0000] {dagbag.py:540} INFO - Filling up the DagBag from /opt/airflow/dags/export_tables_to_parquet.py
[2025-04-27T04:51:03.370+0000] {processor.py:840} INFO - DAG(s) 'export_postgres_tables_to_parquet' retrieved from /opt/airflow/dags/export_tables_to_parquet.py
[2025-04-27T04:51:03.381+0000] {logging_mixin.py:188} INFO - [2025-04-27T04:51:03.380+0000] {dag.py:3096} INFO - Sync 1 DAGs
[2025-04-27T04:51:03.385+0000] {logging_mixin.py:188} INFO - [2025-04-27T04:51:03.385+0000] {dag.py:3954} INFO - Setting next_dagrun for export_postgres_tables_to_parquet to None, run_after=None
[2025-04-27T04:51:03.392+0000] {processor.py:183} INFO - Processing /opt/airflow/dags/export_tables_to_parquet.py took 0.231 seconds
[2025-04-27T04:51:33.578+0000] {processor.py:161} INFO - Started process (PID=204) to work on /opt/airflow/dags/export_tables_to_parquet.py
[2025-04-27T04:51:33.579+0000] {processor.py:830} INFO - Processing file /opt/airflow/dags/export_tables_to_parquet.py for tasks to queue
[2025-04-27T04:51:33.580+0000] {logging_mixin.py:188} INFO - [2025-04-27T04:51:33.580+0000] {dagbag.py:540} INFO - Filling up the DagBag from /opt/airflow/dags/export_tables_to_parquet.py
[2025-04-27T04:51:33.797+0000] {processor.py:840} INFO - DAG(s) 'export_postgres_tables_to_parquet' retrieved from /opt/airflow/dags/export_tables_to_parquet.py
[2025-04-27T04:51:33.807+0000] {logging_mixin.py:188} INFO - [2025-04-27T04:51:33.807+0000] {dag.py:3096} INFO - Sync 1 DAGs
[2025-04-27T04:51:33.812+0000] {logging_mixin.py:188} INFO - [2025-04-27T04:51:33.812+0000] {dag.py:3954} INFO - Setting next_dagrun for export_postgres_tables_to_parquet to None, run_after=None
[2025-04-27T04:51:33.819+0000] {processor.py:183} INFO - Processing /opt/airflow/dags/export_tables_to_parquet.py took 0.247 seconds
[2025-04-27T04:52:04.070+0000] {processor.py:161} INFO - Started process (PID=210) to work on /opt/airflow/dags/export_tables_to_parquet.py
[2025-04-27T04:52:04.071+0000] {processor.py:830} INFO - Processing file /opt/airflow/dags/export_tables_to_parquet.py for tasks to queue
[2025-04-27T04:52:04.073+0000] {logging_mixin.py:188} INFO - [2025-04-27T04:52:04.073+0000] {dagbag.py:540} INFO - Filling up the DagBag from /opt/airflow/dags/export_tables_to_parquet.py
[2025-04-27T04:52:04.286+0000] {processor.py:840} INFO - DAG(s) 'export_postgres_tables_to_parquet' retrieved from /opt/airflow/dags/export_tables_to_parquet.py
[2025-04-27T04:52:04.297+0000] {logging_mixin.py:188} INFO - [2025-04-27T04:52:04.297+0000] {dag.py:3096} INFO - Sync 1 DAGs
[2025-04-27T04:52:04.302+0000] {logging_mixin.py:188} INFO - [2025-04-27T04:52:04.302+0000] {dag.py:3954} INFO - Setting next_dagrun for export_postgres_tables_to_parquet to None, run_after=None
[2025-04-27T04:52:04.309+0000] {processor.py:183} INFO - Processing /opt/airflow/dags/export_tables_to_parquet.py took 0.246 seconds
[2025-04-27T04:52:34.348+0000] {processor.py:161} INFO - Started process (PID=216) to work on /opt/airflow/dags/export_tables_to_parquet.py
[2025-04-27T04:52:34.349+0000] {processor.py:830} INFO - Processing file /opt/airflow/dags/export_tables_to_parquet.py for tasks to queue
[2025-04-27T04:52:34.350+0000] {logging_mixin.py:188} INFO - [2025-04-27T04:52:34.350+0000] {dagbag.py:540} INFO - Filling up the DagBag from /opt/airflow/dags/export_tables_to_parquet.py
[2025-04-27T04:52:34.566+0000] {processor.py:840} INFO - DAG(s) 'export_postgres_tables_to_parquet' retrieved from /opt/airflow/dags/export_tables_to_parquet.py
[2025-04-27T04:52:34.577+0000] {logging_mixin.py:188} INFO - [2025-04-27T04:52:34.577+0000] {dag.py:3096} INFO - Sync 1 DAGs
[2025-04-27T04:52:34.581+0000] {logging_mixin.py:188} INFO - [2025-04-27T04:52:34.581+0000] {dag.py:3954} INFO - Setting next_dagrun for export_postgres_tables_to_parquet to None, run_after=None
[2025-04-27T04:52:34.589+0000] {processor.py:183} INFO - Processing /opt/airflow/dags/export_tables_to_parquet.py took 0.246 seconds
[2025-04-27T04:53:04.663+0000] {processor.py:161} INFO - Started process (PID=222) to work on /opt/airflow/dags/export_tables_to_parquet.py
[2025-04-27T04:53:04.664+0000] {processor.py:830} INFO - Processing file /opt/airflow/dags/export_tables_to_parquet.py for tasks to queue
[2025-04-27T04:53:04.666+0000] {logging_mixin.py:188} INFO - [2025-04-27T04:53:04.666+0000] {dagbag.py:540} INFO - Filling up the DagBag from /opt/airflow/dags/export_tables_to_parquet.py
[2025-04-27T04:53:04.884+0000] {processor.py:840} INFO - DAG(s) 'export_postgres_tables_to_parquet' retrieved from /opt/airflow/dags/export_tables_to_parquet.py
[2025-04-27T04:53:04.894+0000] {logging_mixin.py:188} INFO - [2025-04-27T04:53:04.894+0000] {dag.py:3096} INFO - Sync 1 DAGs
[2025-04-27T04:53:04.899+0000] {logging_mixin.py:188} INFO - [2025-04-27T04:53:04.899+0000] {dag.py:3954} INFO - Setting next_dagrun for export_postgres_tables_to_parquet to None, run_after=None
[2025-04-27T04:53:04.906+0000] {processor.py:183} INFO - Processing /opt/airflow/dags/export_tables_to_parquet.py took 0.250 seconds
[2025-04-27T04:53:34.947+0000] {processor.py:161} INFO - Started process (PID=228) to work on /opt/airflow/dags/export_tables_to_parquet.py
[2025-04-27T04:53:34.947+0000] {processor.py:830} INFO - Processing file /opt/airflow/dags/export_tables_to_parquet.py for tasks to queue
[2025-04-27T04:53:34.949+0000] {logging_mixin.py:188} INFO - [2025-04-27T04:53:34.949+0000] {dagbag.py:540} INFO - Filling up the DagBag from /opt/airflow/dags/export_tables_to_parquet.py
[2025-04-27T04:53:35.162+0000] {processor.py:840} INFO - DAG(s) 'export_postgres_tables_to_parquet' retrieved from /opt/airflow/dags/export_tables_to_parquet.py
[2025-04-27T04:53:35.173+0000] {logging_mixin.py:188} INFO - [2025-04-27T04:53:35.172+0000] {dag.py:3096} INFO - Sync 1 DAGs
[2025-04-27T04:53:35.177+0000] {logging_mixin.py:188} INFO - [2025-04-27T04:53:35.177+0000] {dag.py:3954} INFO - Setting next_dagrun for export_postgres_tables_to_parquet to None, run_after=None
[2025-04-27T04:53:35.184+0000] {processor.py:183} INFO - Processing /opt/airflow/dags/export_tables_to_parquet.py took 0.244 seconds
[2025-04-27T04:54:05.490+0000] {processor.py:161} INFO - Started process (PID=234) to work on /opt/airflow/dags/export_tables_to_parquet.py
[2025-04-27T04:54:05.491+0000] {processor.py:830} INFO - Processing file /opt/airflow/dags/export_tables_to_parquet.py for tasks to queue
[2025-04-27T04:54:05.493+0000] {logging_mixin.py:188} INFO - [2025-04-27T04:54:05.493+0000] {dagbag.py:540} INFO - Filling up the DagBag from /opt/airflow/dags/export_tables_to_parquet.py
[2025-04-27T04:54:05.706+0000] {processor.py:840} INFO - DAG(s) 'export_postgres_tables_to_parquet' retrieved from /opt/airflow/dags/export_tables_to_parquet.py
[2025-04-27T04:54:05.716+0000] {logging_mixin.py:188} INFO - [2025-04-27T04:54:05.716+0000] {dag.py:3096} INFO - Sync 1 DAGs
[2025-04-27T04:54:05.721+0000] {logging_mixin.py:188} INFO - [2025-04-27T04:54:05.721+0000] {dag.py:3954} INFO - Setting next_dagrun for export_postgres_tables_to_parquet to None, run_after=None
[2025-04-27T04:54:05.728+0000] {processor.py:183} INFO - Processing /opt/airflow/dags/export_tables_to_parquet.py took 0.243 seconds
[2025-04-27T04:54:35.829+0000] {processor.py:161} INFO - Started process (PID=240) to work on /opt/airflow/dags/export_tables_to_parquet.py
[2025-04-27T04:54:35.830+0000] {processor.py:830} INFO - Processing file /opt/airflow/dags/export_tables_to_parquet.py for tasks to queue
[2025-04-27T04:54:35.832+0000] {logging_mixin.py:188} INFO - [2025-04-27T04:54:35.832+0000] {dagbag.py:540} INFO - Filling up the DagBag from /opt/airflow/dags/export_tables_to_parquet.py
[2025-04-27T04:54:36.041+0000] {processor.py:840} INFO - DAG(s) 'export_postgres_tables_to_parquet' retrieved from /opt/airflow/dags/export_tables_to_parquet.py
[2025-04-27T04:54:36.052+0000] {logging_mixin.py:188} INFO - [2025-04-27T04:54:36.052+0000] {dag.py:3096} INFO - Sync 1 DAGs
[2025-04-27T04:54:36.057+0000] {logging_mixin.py:188} INFO - [2025-04-27T04:54:36.057+0000] {dag.py:3954} INFO - Setting next_dagrun for export_postgres_tables_to_parquet to None, run_after=None
[2025-04-27T04:54:36.064+0000] {processor.py:183} INFO - Processing /opt/airflow/dags/export_tables_to_parquet.py took 0.242 seconds
[2025-04-27T04:55:06.411+0000] {processor.py:161} INFO - Started process (PID=246) to work on /opt/airflow/dags/export_tables_to_parquet.py
[2025-04-27T04:55:06.412+0000] {processor.py:830} INFO - Processing file /opt/airflow/dags/export_tables_to_parquet.py for tasks to queue
[2025-04-27T04:55:06.413+0000] {logging_mixin.py:188} INFO - [2025-04-27T04:55:06.413+0000] {dagbag.py:540} INFO - Filling up the DagBag from /opt/airflow/dags/export_tables_to_parquet.py
[2025-04-27T04:55:06.635+0000] {processor.py:840} INFO - DAG(s) 'export_postgres_tables_to_parquet' retrieved from /opt/airflow/dags/export_tables_to_parquet.py
[2025-04-27T04:55:06.645+0000] {logging_mixin.py:188} INFO - [2025-04-27T04:55:06.645+0000] {dag.py:3096} INFO - Sync 1 DAGs
[2025-04-27T04:55:06.650+0000] {logging_mixin.py:188} INFO - [2025-04-27T04:55:06.650+0000] {dag.py:3954} INFO - Setting next_dagrun for export_postgres_tables_to_parquet to None, run_after=None
[2025-04-27T04:55:06.657+0000] {processor.py:183} INFO - Processing /opt/airflow/dags/export_tables_to_parquet.py took 0.253 seconds
[2025-04-27T04:55:41.464+0000] {processor.py:161} INFO - Started process (PID=165) to work on /opt/airflow/dags/export_tables_to_parquet.py
[2025-04-27T04:55:41.464+0000] {processor.py:830} INFO - Processing file /opt/airflow/dags/export_tables_to_parquet.py for tasks to queue
[2025-04-27T04:55:41.466+0000] {logging_mixin.py:188} INFO - [2025-04-27T04:55:41.466+0000] {dagbag.py:540} INFO - Filling up the DagBag from /opt/airflow/dags/export_tables_to_parquet.py
[2025-04-27T04:55:42.172+0000] {processor.py:840} INFO - DAG(s) 'export_postgres_tables_to_parquet' retrieved from /opt/airflow/dags/export_tables_to_parquet.py
[2025-04-27T04:55:42.185+0000] {logging_mixin.py:188} INFO - [2025-04-27T04:55:42.185+0000] {dag.py:3096} INFO - Sync 1 DAGs
[2025-04-27T04:55:42.191+0000] {logging_mixin.py:188} INFO - [2025-04-27T04:55:42.191+0000] {dag.py:3954} INFO - Setting next_dagrun for export_postgres_tables_to_parquet to None, run_after=None
[2025-04-27T04:55:42.201+0000] {processor.py:183} INFO - Processing /opt/airflow/dags/export_tables_to_parquet.py took 0.740 seconds
[2025-04-27T04:56:12.494+0000] {processor.py:161} INFO - Started process (PID=171) to work on /opt/airflow/dags/export_tables_to_parquet.py
[2025-04-27T04:56:12.495+0000] {processor.py:830} INFO - Processing file /opt/airflow/dags/export_tables_to_parquet.py for tasks to queue
[2025-04-27T04:56:12.498+0000] {logging_mixin.py:188} INFO - [2025-04-27T04:56:12.497+0000] {dagbag.py:540} INFO - Filling up the DagBag from /opt/airflow/dags/export_tables_to_parquet.py
[2025-04-27T04:56:12.662+0000] {processor.py:840} INFO - DAG(s) 'export_postgres_tables_to_parquet' retrieved from /opt/airflow/dags/export_tables_to_parquet.py
[2025-04-27T04:56:12.878+0000] {logging_mixin.py:188} INFO - [2025-04-27T04:56:12.878+0000] {dag.py:3096} INFO - Sync 1 DAGs
[2025-04-27T04:56:12.885+0000] {logging_mixin.py:188} INFO - [2025-04-27T04:56:12.885+0000] {dag.py:3954} INFO - Setting next_dagrun for export_postgres_tables_to_parquet to None, run_after=None
[2025-04-27T04:56:12.902+0000] {processor.py:183} INFO - Processing /opt/airflow/dags/export_tables_to_parquet.py took 0.412 seconds
[2025-04-27T04:56:42.959+0000] {processor.py:161} INFO - Started process (PID=180) to work on /opt/airflow/dags/export_tables_to_parquet.py
[2025-04-27T04:56:42.960+0000] {processor.py:830} INFO - Processing file /opt/airflow/dags/export_tables_to_parquet.py for tasks to queue
[2025-04-27T04:56:42.961+0000] {logging_mixin.py:188} INFO - [2025-04-27T04:56:42.961+0000] {dagbag.py:540} INFO - Filling up the DagBag from /opt/airflow/dags/export_tables_to_parquet.py
[2025-04-27T04:56:43.101+0000] {processor.py:840} INFO - DAG(s) 'export_postgres_tables_to_parquet' retrieved from /opt/airflow/dags/export_tables_to_parquet.py
[2025-04-27T04:56:43.120+0000] {logging_mixin.py:188} INFO - [2025-04-27T04:56:43.119+0000] {dag.py:3096} INFO - Sync 1 DAGs
[2025-04-27T04:56:43.208+0000] {logging_mixin.py:188} INFO - [2025-04-27T04:56:43.208+0000] {dag.py:3954} INFO - Setting next_dagrun for export_postgres_tables_to_parquet to None, run_after=None
[2025-04-27T04:56:43.217+0000] {processor.py:183} INFO - Processing /opt/airflow/dags/export_tables_to_parquet.py took 0.264 seconds
[2025-04-27T04:57:13.563+0000] {processor.py:161} INFO - Started process (PID=186) to work on /opt/airflow/dags/export_tables_to_parquet.py
[2025-04-27T04:57:13.564+0000] {processor.py:830} INFO - Processing file /opt/airflow/dags/export_tables_to_parquet.py for tasks to queue
[2025-04-27T04:57:13.565+0000] {logging_mixin.py:188} INFO - [2025-04-27T04:57:13.565+0000] {dagbag.py:540} INFO - Filling up the DagBag from /opt/airflow/dags/export_tables_to_parquet.py
[2025-04-27T04:57:13.708+0000] {processor.py:840} INFO - DAG(s) 'export_postgres_tables_to_parquet' retrieved from /opt/airflow/dags/export_tables_to_parquet.py
[2025-04-27T04:57:13.721+0000] {logging_mixin.py:188} INFO - [2025-04-27T04:57:13.720+0000] {dag.py:3096} INFO - Sync 1 DAGs
[2025-04-27T04:57:13.796+0000] {logging_mixin.py:188} INFO - [2025-04-27T04:57:13.796+0000] {dag.py:3954} INFO - Setting next_dagrun for export_postgres_tables_to_parquet to None, run_after=None
[2025-04-27T04:57:13.804+0000] {processor.py:183} INFO - Processing /opt/airflow/dags/export_tables_to_parquet.py took 0.247 seconds
[2025-04-27T04:57:43.892+0000] {processor.py:161} INFO - Started process (PID=192) to work on /opt/airflow/dags/export_tables_to_parquet.py
[2025-04-27T04:57:43.893+0000] {processor.py:830} INFO - Processing file /opt/airflow/dags/export_tables_to_parquet.py for tasks to queue
[2025-04-27T04:57:43.895+0000] {logging_mixin.py:188} INFO - [2025-04-27T04:57:43.895+0000] {dagbag.py:540} INFO - Filling up the DagBag from /opt/airflow/dags/export_tables_to_parquet.py
[2025-04-27T04:57:44.051+0000] {processor.py:840} INFO - DAG(s) 'export_postgres_tables_to_parquet' retrieved from /opt/airflow/dags/export_tables_to_parquet.py
[2025-04-27T04:57:44.138+0000] {logging_mixin.py:188} INFO - [2025-04-27T04:57:44.137+0000] {dag.py:3096} INFO - Sync 1 DAGs
[2025-04-27T04:57:44.142+0000] {logging_mixin.py:188} INFO - [2025-04-27T04:57:44.142+0000] {dag.py:3954} INFO - Setting next_dagrun for export_postgres_tables_to_parquet to None, run_after=None
[2025-04-27T04:57:44.150+0000] {processor.py:183} INFO - Processing /opt/airflow/dags/export_tables_to_parquet.py took 0.264 seconds
[2025-04-27T04:58:13.452+0000] {processor.py:161} INFO - Started process (PID=198) to work on /opt/airflow/dags/export_tables_to_parquet.py
[2025-04-27T04:58:13.453+0000] {processor.py:830} INFO - Processing file /opt/airflow/dags/export_tables_to_parquet.py for tasks to queue
[2025-04-27T04:58:13.455+0000] {logging_mixin.py:188} INFO - [2025-04-27T04:58:13.454+0000] {dagbag.py:540} INFO - Filling up the DagBag from /opt/airflow/dags/export_tables_to_parquet.py
[2025-04-27T04:58:13.687+0000] {processor.py:840} INFO - DAG(s) 'export_postgres_tables_to_parquet' retrieved from /opt/airflow/dags/export_tables_to_parquet.py
[2025-04-27T04:58:13.698+0000] {logging_mixin.py:188} INFO - [2025-04-27T04:58:13.698+0000] {dag.py:3096} INFO - Sync 1 DAGs
[2025-04-27T04:58:13.702+0000] {logging_mixin.py:188} INFO - [2025-04-27T04:58:13.702+0000] {dag.py:3954} INFO - Setting next_dagrun for export_postgres_tables_to_parquet to None, run_after=None
[2025-04-27T04:58:13.711+0000] {processor.py:183} INFO - Processing /opt/airflow/dags/export_tables_to_parquet.py took 0.265 seconds
[2025-04-27T04:58:33.752+0000] {processor.py:161} INFO - Started process (PID=165) to work on /opt/airflow/dags/export_tables_to_parquet.py
[2025-04-27T04:58:33.754+0000] {processor.py:830} INFO - Processing file /opt/airflow/dags/export_tables_to_parquet.py for tasks to queue
[2025-04-27T04:58:33.755+0000] {logging_mixin.py:188} INFO - [2025-04-27T04:58:33.755+0000] {dagbag.py:540} INFO - Filling up the DagBag from /opt/airflow/dags/export_tables_to_parquet.py
[2025-04-27T04:58:34.482+0000] {processor.py:840} INFO - DAG(s) 'export_postgres_tables_to_parquet' retrieved from /opt/airflow/dags/export_tables_to_parquet.py
[2025-04-27T04:58:34.495+0000] {logging_mixin.py:188} INFO - [2025-04-27T04:58:34.494+0000] {dag.py:3096} INFO - Sync 1 DAGs
[2025-04-27T04:58:34.501+0000] {logging_mixin.py:188} INFO - [2025-04-27T04:58:34.501+0000] {dag.py:3954} INFO - Setting next_dagrun for export_postgres_tables_to_parquet to None, run_after=None
[2025-04-27T04:58:34.512+0000] {processor.py:183} INFO - Processing /opt/airflow/dags/export_tables_to_parquet.py took 0.762 seconds
[2025-04-27T04:59:04.789+0000] {processor.py:161} INFO - Started process (PID=171) to work on /opt/airflow/dags/export_tables_to_parquet.py
[2025-04-27T04:59:04.790+0000] {processor.py:830} INFO - Processing file /opt/airflow/dags/export_tables_to_parquet.py for tasks to queue
[2025-04-27T04:59:04.792+0000] {logging_mixin.py:188} INFO - [2025-04-27T04:59:04.792+0000] {dagbag.py:540} INFO - Filling up the DagBag from /opt/airflow/dags/export_tables_to_parquet.py
[2025-04-27T04:59:04.937+0000] {processor.py:840} INFO - DAG(s) 'export_postgres_tables_to_parquet' retrieved from /opt/airflow/dags/export_tables_to_parquet.py
[2025-04-27T04:59:05.142+0000] {logging_mixin.py:188} INFO - [2025-04-27T04:59:05.142+0000] {dag.py:3096} INFO - Sync 1 DAGs
[2025-04-27T04:59:05.147+0000] {logging_mixin.py:188} INFO - [2025-04-27T04:59:05.147+0000] {dag.py:3954} INFO - Setting next_dagrun for export_postgres_tables_to_parquet to None, run_after=None
[2025-04-27T04:59:05.157+0000] {processor.py:183} INFO - Processing /opt/airflow/dags/export_tables_to_parquet.py took 0.373 seconds
[2025-04-27T04:59:35.267+0000] {processor.py:161} INFO - Started process (PID=180) to work on /opt/airflow/dags/export_tables_to_parquet.py
[2025-04-27T04:59:35.268+0000] {processor.py:830} INFO - Processing file /opt/airflow/dags/export_tables_to_parquet.py for tasks to queue
[2025-04-27T04:59:35.269+0000] {logging_mixin.py:188} INFO - [2025-04-27T04:59:35.269+0000] {dagbag.py:540} INFO - Filling up the DagBag from /opt/airflow/dags/export_tables_to_parquet.py
[2025-04-27T04:59:35.413+0000] {processor.py:840} INFO - DAG(s) 'export_postgres_tables_to_parquet' retrieved from /opt/airflow/dags/export_tables_to_parquet.py
[2025-04-27T04:59:35.426+0000] {logging_mixin.py:188} INFO - [2025-04-27T04:59:35.426+0000] {dag.py:3096} INFO - Sync 1 DAGs
[2025-04-27T04:59:35.505+0000] {logging_mixin.py:188} INFO - [2025-04-27T04:59:35.505+0000] {dag.py:3954} INFO - Setting next_dagrun for export_postgres_tables_to_parquet to None, run_after=None
[2025-04-27T04:59:35.513+0000] {processor.py:183} INFO - Processing /opt/airflow/dags/export_tables_to_parquet.py took 0.252 seconds
[2025-04-27T05:00:05.847+0000] {processor.py:161} INFO - Started process (PID=186) to work on /opt/airflow/dags/export_tables_to_parquet.py
[2025-04-27T05:00:05.848+0000] {processor.py:830} INFO - Processing file /opt/airflow/dags/export_tables_to_parquet.py for tasks to queue
[2025-04-27T05:00:05.850+0000] {logging_mixin.py:188} INFO - [2025-04-27T05:00:05.849+0000] {dagbag.py:540} INFO - Filling up the DagBag from /opt/airflow/dags/export_tables_to_parquet.py
[2025-04-27T05:00:05.993+0000] {processor.py:840} INFO - DAG(s) 'export_postgres_tables_to_parquet' retrieved from /opt/airflow/dags/export_tables_to_parquet.py
[2025-04-27T05:00:06.005+0000] {logging_mixin.py:188} INFO - [2025-04-27T05:00:06.005+0000] {dag.py:3096} INFO - Sync 1 DAGs
[2025-04-27T05:00:06.086+0000] {logging_mixin.py:188} INFO - [2025-04-27T05:00:06.086+0000] {dag.py:3954} INFO - Setting next_dagrun for export_postgres_tables_to_parquet to None, run_after=None
[2025-04-27T05:00:06.093+0000] {processor.py:183} INFO - Processing /opt/airflow/dags/export_tables_to_parquet.py took 0.253 seconds
[2025-04-27T05:00:36.192+0000] {processor.py:161} INFO - Started process (PID=192) to work on /opt/airflow/dags/export_tables_to_parquet.py
[2025-04-27T05:00:36.193+0000] {processor.py:830} INFO - Processing file /opt/airflow/dags/export_tables_to_parquet.py for tasks to queue
[2025-04-27T05:00:36.195+0000] {logging_mixin.py:188} INFO - [2025-04-27T05:00:36.194+0000] {dagbag.py:540} INFO - Filling up the DagBag from /opt/airflow/dags/export_tables_to_parquet.py
[2025-04-27T05:00:36.339+0000] {processor.py:840} INFO - DAG(s) 'export_postgres_tables_to_parquet' retrieved from /opt/airflow/dags/export_tables_to_parquet.py
[2025-04-27T05:00:36.426+0000] {logging_mixin.py:188} INFO - [2025-04-27T05:00:36.426+0000] {dag.py:3096} INFO - Sync 1 DAGs
[2025-04-27T05:00:36.431+0000] {logging_mixin.py:188} INFO - [2025-04-27T05:00:36.431+0000] {dag.py:3954} INFO - Setting next_dagrun for export_postgres_tables_to_parquet to None, run_after=None
[2025-04-27T05:00:36.439+0000] {processor.py:183} INFO - Processing /opt/airflow/dags/export_tables_to_parquet.py took 0.253 seconds
[2025-04-27T05:01:06.749+0000] {processor.py:161} INFO - Started process (PID=198) to work on /opt/airflow/dags/export_tables_to_parquet.py
[2025-04-27T05:01:06.750+0000] {processor.py:830} INFO - Processing file /opt/airflow/dags/export_tables_to_parquet.py for tasks to queue
[2025-04-27T05:01:06.752+0000] {logging_mixin.py:188} INFO - [2025-04-27T05:01:06.752+0000] {dagbag.py:540} INFO - Filling up the DagBag from /opt/airflow/dags/export_tables_to_parquet.py
[2025-04-27T05:01:06.897+0000] {processor.py:840} INFO - DAG(s) 'export_postgres_tables_to_parquet' retrieved from /opt/airflow/dags/export_tables_to_parquet.py
[2025-04-27T05:01:06.978+0000] {logging_mixin.py:188} INFO - [2025-04-27T05:01:06.978+0000] {dag.py:3096} INFO - Sync 1 DAGs
[2025-04-27T05:01:06.982+0000] {logging_mixin.py:188} INFO - [2025-04-27T05:01:06.982+0000] {dag.py:3954} INFO - Setting next_dagrun for export_postgres_tables_to_parquet to None, run_after=None
[2025-04-27T05:01:06.990+0000] {processor.py:183} INFO - Processing /opt/airflow/dags/export_tables_to_parquet.py took 0.246 seconds
[2025-04-27T05:01:37.110+0000] {processor.py:161} INFO - Started process (PID=204) to work on /opt/airflow/dags/export_tables_to_parquet.py
[2025-04-27T05:01:37.111+0000] {processor.py:830} INFO - Processing file /opt/airflow/dags/export_tables_to_parquet.py for tasks to queue
[2025-04-27T05:01:37.112+0000] {logging_mixin.py:188} INFO - [2025-04-27T05:01:37.112+0000] {dagbag.py:540} INFO - Filling up the DagBag from /opt/airflow/dags/export_tables_to_parquet.py
[2025-04-27T05:01:37.338+0000] {processor.py:840} INFO - DAG(s) 'export_postgres_tables_to_parquet' retrieved from /opt/airflow/dags/export_tables_to_parquet.py
[2025-04-27T05:01:37.349+0000] {logging_mixin.py:188} INFO - [2025-04-27T05:01:37.349+0000] {dag.py:3096} INFO - Sync 1 DAGs
[2025-04-27T05:01:37.354+0000] {logging_mixin.py:188} INFO - [2025-04-27T05:01:37.354+0000] {dag.py:3954} INFO - Setting next_dagrun for export_postgres_tables_to_parquet to None, run_after=None
[2025-04-27T05:01:37.361+0000] {processor.py:183} INFO - Processing /opt/airflow/dags/export_tables_to_parquet.py took 0.257 seconds
[2025-04-27T05:02:07.576+0000] {processor.py:161} INFO - Started process (PID=210) to work on /opt/airflow/dags/export_tables_to_parquet.py
[2025-04-27T05:02:07.577+0000] {processor.py:830} INFO - Processing file /opt/airflow/dags/export_tables_to_parquet.py for tasks to queue
[2025-04-27T05:02:07.578+0000] {logging_mixin.py:188} INFO - [2025-04-27T05:02:07.578+0000] {dagbag.py:540} INFO - Filling up the DagBag from /opt/airflow/dags/export_tables_to_parquet.py
[2025-04-27T05:02:07.795+0000] {processor.py:840} INFO - DAG(s) 'export_postgres_tables_to_parquet' retrieved from /opt/airflow/dags/export_tables_to_parquet.py
[2025-04-27T05:02:07.805+0000] {logging_mixin.py:188} INFO - [2025-04-27T05:02:07.805+0000] {dag.py:3096} INFO - Sync 1 DAGs
[2025-04-27T05:02:07.810+0000] {logging_mixin.py:188} INFO - [2025-04-27T05:02:07.809+0000] {dag.py:3954} INFO - Setting next_dagrun for export_postgres_tables_to_parquet to None, run_after=None
[2025-04-27T05:02:07.817+0000] {processor.py:183} INFO - Processing /opt/airflow/dags/export_tables_to_parquet.py took 0.247 seconds
[2025-04-27T05:02:37.858+0000] {processor.py:161} INFO - Started process (PID=216) to work on /opt/airflow/dags/export_tables_to_parquet.py
[2025-04-27T05:02:37.859+0000] {processor.py:830} INFO - Processing file /opt/airflow/dags/export_tables_to_parquet.py for tasks to queue
[2025-04-27T05:02:37.860+0000] {logging_mixin.py:188} INFO - [2025-04-27T05:02:37.860+0000] {dagbag.py:540} INFO - Filling up the DagBag from /opt/airflow/dags/export_tables_to_parquet.py
[2025-04-27T05:02:38.080+0000] {processor.py:840} INFO - DAG(s) 'export_postgres_tables_to_parquet' retrieved from /opt/airflow/dags/export_tables_to_parquet.py
[2025-04-27T05:02:38.091+0000] {logging_mixin.py:188} INFO - [2025-04-27T05:02:38.090+0000] {dag.py:3096} INFO - Sync 1 DAGs
[2025-04-27T05:02:38.095+0000] {logging_mixin.py:188} INFO - [2025-04-27T05:02:38.095+0000] {dag.py:3954} INFO - Setting next_dagrun for export_postgres_tables_to_parquet to None, run_after=None
[2025-04-27T05:02:38.103+0000] {processor.py:183} INFO - Processing /opt/airflow/dags/export_tables_to_parquet.py took 0.251 seconds
[2025-04-27T05:03:08.154+0000] {processor.py:161} INFO - Started process (PID=225) to work on /opt/airflow/dags/export_tables_to_parquet.py
[2025-04-27T05:03:08.155+0000] {processor.py:830} INFO - Processing file /opt/airflow/dags/export_tables_to_parquet.py for tasks to queue
[2025-04-27T05:03:08.156+0000] {logging_mixin.py:188} INFO - [2025-04-27T05:03:08.156+0000] {dagbag.py:540} INFO - Filling up the DagBag from /opt/airflow/dags/export_tables_to_parquet.py
[2025-04-27T05:03:08.372+0000] {processor.py:840} INFO - DAG(s) 'export_postgres_tables_to_parquet' retrieved from /opt/airflow/dags/export_tables_to_parquet.py
[2025-04-27T05:03:08.383+0000] {logging_mixin.py:188} INFO - [2025-04-27T05:03:08.382+0000] {dag.py:3096} INFO - Sync 1 DAGs
[2025-04-27T05:03:08.387+0000] {logging_mixin.py:188} INFO - [2025-04-27T05:03:08.387+0000] {dag.py:3954} INFO - Setting next_dagrun for export_postgres_tables_to_parquet to None, run_after=None
[2025-04-27T05:03:08.395+0000] {processor.py:183} INFO - Processing /opt/airflow/dags/export_tables_to_parquet.py took 0.245 seconds
[2025-04-27T05:03:38.720+0000] {processor.py:161} INFO - Started process (PID=231) to work on /opt/airflow/dags/export_tables_to_parquet.py
[2025-04-27T05:03:38.721+0000] {processor.py:830} INFO - Processing file /opt/airflow/dags/export_tables_to_parquet.py for tasks to queue
[2025-04-27T05:03:38.724+0000] {logging_mixin.py:188} INFO - [2025-04-27T05:03:38.723+0000] {dagbag.py:540} INFO - Filling up the DagBag from /opt/airflow/dags/export_tables_to_parquet.py
[2025-04-27T05:03:38.960+0000] {processor.py:840} INFO - DAG(s) 'export_postgres_tables_to_parquet' retrieved from /opt/airflow/dags/export_tables_to_parquet.py
[2025-04-27T05:03:38.972+0000] {logging_mixin.py:188} INFO - [2025-04-27T05:03:38.972+0000] {dag.py:3096} INFO - Sync 1 DAGs
[2025-04-27T05:03:38.976+0000] {logging_mixin.py:188} INFO - [2025-04-27T05:03:38.976+0000] {dag.py:3954} INFO - Setting next_dagrun for export_postgres_tables_to_parquet to None, run_after=None
[2025-04-27T05:03:38.985+0000] {processor.py:183} INFO - Processing /opt/airflow/dags/export_tables_to_parquet.py took 0.272 seconds
[2025-04-27T05:04:09.070+0000] {processor.py:161} INFO - Started process (PID=237) to work on /opt/airflow/dags/export_tables_to_parquet.py
[2025-04-27T05:04:09.071+0000] {processor.py:830} INFO - Processing file /opt/airflow/dags/export_tables_to_parquet.py for tasks to queue
[2025-04-27T05:04:09.072+0000] {logging_mixin.py:188} INFO - [2025-04-27T05:04:09.072+0000] {dagbag.py:540} INFO - Filling up the DagBag from /opt/airflow/dags/export_tables_to_parquet.py
[2025-04-27T05:04:09.288+0000] {processor.py:840} INFO - DAG(s) 'export_postgres_tables_to_parquet' retrieved from /opt/airflow/dags/export_tables_to_parquet.py
[2025-04-27T05:04:09.299+0000] {logging_mixin.py:188} INFO - [2025-04-27T05:04:09.298+0000] {dag.py:3096} INFO - Sync 1 DAGs
[2025-04-27T05:04:09.303+0000] {logging_mixin.py:188} INFO - [2025-04-27T05:04:09.303+0000] {dag.py:3954} INFO - Setting next_dagrun for export_postgres_tables_to_parquet to None, run_after=None
[2025-04-27T05:04:09.311+0000] {processor.py:183} INFO - Processing /opt/airflow/dags/export_tables_to_parquet.py took 0.246 seconds
[2025-04-27T05:04:18.165+0000] {processor.py:161} INFO - Started process (PID=243) to work on /opt/airflow/dags/export_tables_to_parquet.py
[2025-04-27T05:04:18.165+0000] {processor.py:830} INFO - Processing file /opt/airflow/dags/export_tables_to_parquet.py for tasks to queue
[2025-04-27T05:04:18.167+0000] {logging_mixin.py:188} INFO - [2025-04-27T05:04:18.167+0000] {dagbag.py:540} INFO - Filling up the DagBag from /opt/airflow/dags/export_tables_to_parquet.py
[2025-04-27T05:04:18.401+0000] {processor.py:840} INFO - DAG(s) 'export_postgres_tables_to_parquet' retrieved from /opt/airflow/dags/export_tables_to_parquet.py
[2025-04-27T05:04:18.412+0000] {logging_mixin.py:188} INFO - [2025-04-27T05:04:18.412+0000] {dag.py:3096} INFO - Sync 1 DAGs
[2025-04-27T05:04:18.416+0000] {logging_mixin.py:188} INFO - [2025-04-27T05:04:18.416+0000] {dag.py:3954} INFO - Setting next_dagrun for export_postgres_tables_to_parquet to None, run_after=None
[2025-04-27T05:04:18.425+0000] {processor.py:183} INFO - Processing /opt/airflow/dags/export_tables_to_parquet.py took 0.264 seconds
[2025-04-27T05:04:45.269+0000] {processor.py:161} INFO - Started process (PID=165) to work on /opt/airflow/dags/export_tables_to_parquet.py
[2025-04-27T05:04:45.270+0000] {processor.py:830} INFO - Processing file /opt/airflow/dags/export_tables_to_parquet.py for tasks to queue
[2025-04-27T05:04:45.271+0000] {logging_mixin.py:188} INFO - [2025-04-27T05:04:45.271+0000] {dagbag.py:540} INFO - Filling up the DagBag from /opt/airflow/dags/export_tables_to_parquet.py
[2025-04-27T05:04:45.970+0000] {processor.py:840} INFO - DAG(s) 'export_postgres_tables_to_parquet' retrieved from /opt/airflow/dags/export_tables_to_parquet.py
[2025-04-27T05:04:45.984+0000] {logging_mixin.py:188} INFO - [2025-04-27T05:04:45.983+0000] {dag.py:3096} INFO - Sync 1 DAGs
[2025-04-27T05:04:45.991+0000] {logging_mixin.py:188} INFO - [2025-04-27T05:04:45.990+0000] {dag.py:3954} INFO - Setting next_dagrun for export_postgres_tables_to_parquet to None, run_after=None
[2025-04-27T05:04:46.002+0000] {processor.py:183} INFO - Processing /opt/airflow/dags/export_tables_to_parquet.py took 0.736 seconds
[2025-04-27T05:05:16.224+0000] {processor.py:161} INFO - Started process (PID=171) to work on /opt/airflow/dags/export_tables_to_parquet.py
[2025-04-27T05:05:16.225+0000] {processor.py:830} INFO - Processing file /opt/airflow/dags/export_tables_to_parquet.py for tasks to queue
[2025-04-27T05:05:16.226+0000] {logging_mixin.py:188} INFO - [2025-04-27T05:05:16.225+0000] {dagbag.py:540} INFO - Filling up the DagBag from /opt/airflow/dags/export_tables_to_parquet.py
[2025-04-27T05:05:16.389+0000] {processor.py:840} INFO - DAG(s) 'export_postgres_tables_to_parquet' retrieved from /opt/airflow/dags/export_tables_to_parquet.py
[2025-04-27T05:05:16.667+0000] {logging_mixin.py:188} INFO - [2025-04-27T05:05:16.666+0000] {dag.py:3096} INFO - Sync 1 DAGs
[2025-04-27T05:05:16.673+0000] {logging_mixin.py:188} INFO - [2025-04-27T05:05:16.673+0000] {dag.py:3954} INFO - Setting next_dagrun for export_postgres_tables_to_parquet to None, run_after=None
[2025-04-27T05:05:16.689+0000] {processor.py:183} INFO - Processing /opt/airflow/dags/export_tables_to_parquet.py took 0.468 seconds
[2025-04-27T05:05:47.044+0000] {processor.py:161} INFO - Started process (PID=180) to work on /opt/airflow/dags/export_tables_to_parquet.py
[2025-04-27T05:05:47.045+0000] {processor.py:830} INFO - Processing file /opt/airflow/dags/export_tables_to_parquet.py for tasks to queue
[2025-04-27T05:05:47.046+0000] {logging_mixin.py:188} INFO - [2025-04-27T05:05:47.046+0000] {dagbag.py:540} INFO - Filling up the DagBag from /opt/airflow/dags/export_tables_to_parquet.py
[2025-04-27T05:05:47.198+0000] {processor.py:840} INFO - DAG(s) 'export_postgres_tables_to_parquet' retrieved from /opt/airflow/dags/export_tables_to_parquet.py
[2025-04-27T05:05:47.212+0000] {logging_mixin.py:188} INFO - [2025-04-27T05:05:47.212+0000] {dag.py:3096} INFO - Sync 1 DAGs
[2025-04-27T05:05:47.298+0000] {logging_mixin.py:188} INFO - [2025-04-27T05:05:47.298+0000] {dag.py:3954} INFO - Setting next_dagrun for export_postgres_tables_to_parquet to None, run_after=None
[2025-04-27T05:05:47.307+0000] {processor.py:183} INFO - Processing /opt/airflow/dags/export_tables_to_parquet.py took 0.269 seconds
[2025-04-27T05:06:17.368+0000] {processor.py:161} INFO - Started process (PID=186) to work on /opt/airflow/dags/export_tables_to_parquet.py
[2025-04-27T05:06:17.369+0000] {processor.py:830} INFO - Processing file /opt/airflow/dags/export_tables_to_parquet.py for tasks to queue
[2025-04-27T05:06:17.371+0000] {logging_mixin.py:188} INFO - [2025-04-27T05:06:17.371+0000] {dagbag.py:540} INFO - Filling up the DagBag from /opt/airflow/dags/export_tables_to_parquet.py
[2025-04-27T05:06:17.521+0000] {processor.py:840} INFO - DAG(s) 'export_postgres_tables_to_parquet' retrieved from /opt/airflow/dags/export_tables_to_parquet.py
[2025-04-27T05:06:17.536+0000] {logging_mixin.py:188} INFO - [2025-04-27T05:06:17.535+0000] {dag.py:3096} INFO - Sync 1 DAGs
[2025-04-27T05:06:17.616+0000] {logging_mixin.py:188} INFO - [2025-04-27T05:06:17.616+0000] {dag.py:3954} INFO - Setting next_dagrun for export_postgres_tables_to_parquet to None, run_after=None
[2025-04-27T05:06:17.624+0000] {processor.py:183} INFO - Processing /opt/airflow/dags/export_tables_to_parquet.py took 0.262 seconds
[2025-04-27T05:06:22.585+0000] {processor.py:161} INFO - Started process (PID=192) to work on /opt/airflow/dags/export_tables_to_parquet.py
[2025-04-27T05:06:22.586+0000] {processor.py:830} INFO - Processing file /opt/airflow/dags/export_tables_to_parquet.py for tasks to queue
[2025-04-27T05:06:22.587+0000] {logging_mixin.py:188} INFO - [2025-04-27T05:06:22.587+0000] {dagbag.py:540} INFO - Filling up the DagBag from /opt/airflow/dags/export_tables_to_parquet.py
[2025-04-27T05:06:22.749+0000] {processor.py:840} INFO - DAG(s) 'export_postgres_tables_to_parquet' retrieved from /opt/airflow/dags/export_tables_to_parquet.py
[2025-04-27T05:06:22.841+0000] {logging_mixin.py:188} INFO - [2025-04-27T05:06:22.841+0000] {dag.py:3096} INFO - Sync 1 DAGs
[2025-04-27T05:06:22.846+0000] {logging_mixin.py:188} INFO - [2025-04-27T05:06:22.846+0000] {dag.py:3954} INFO - Setting next_dagrun for export_postgres_tables_to_parquet to None, run_after=None
[2025-04-27T05:06:22.854+0000] {processor.py:183} INFO - Processing /opt/airflow/dags/export_tables_to_parquet.py took 0.273 seconds
[2025-04-27T05:06:53.041+0000] {processor.py:161} INFO - Started process (PID=198) to work on /opt/airflow/dags/export_tables_to_parquet.py
[2025-04-27T05:06:53.042+0000] {processor.py:830} INFO - Processing file /opt/airflow/dags/export_tables_to_parquet.py for tasks to queue
[2025-04-27T05:06:53.044+0000] {logging_mixin.py:188} INFO - [2025-04-27T05:06:53.044+0000] {dagbag.py:540} INFO - Filling up the DagBag from /opt/airflow/dags/export_tables_to_parquet.py
[2025-04-27T05:06:53.195+0000] {processor.py:840} INFO - DAG(s) 'export_postgres_tables_to_parquet' retrieved from /opt/airflow/dags/export_tables_to_parquet.py
[2025-04-27T05:06:53.287+0000] {logging_mixin.py:188} INFO - [2025-04-27T05:06:53.286+0000] {dag.py:3096} INFO - Sync 1 DAGs
[2025-04-27T05:06:53.291+0000] {logging_mixin.py:188} INFO - [2025-04-27T05:06:53.291+0000] {dag.py:3954} INFO - Setting next_dagrun for export_postgres_tables_to_parquet to None, run_after=None
[2025-04-27T05:06:53.299+0000] {processor.py:183} INFO - Processing /opt/airflow/dags/export_tables_to_parquet.py took 0.265 seconds
[2025-04-27T05:07:21.076+0000] {processor.py:161} INFO - Started process (PID=164) to work on /opt/airflow/dags/export_tables_to_parquet.py
[2025-04-27T05:07:21.078+0000] {processor.py:830} INFO - Processing file /opt/airflow/dags/export_tables_to_parquet.py for tasks to queue
[2025-04-27T05:07:21.079+0000] {logging_mixin.py:188} INFO - [2025-04-27T05:07:21.079+0000] {dagbag.py:540} INFO - Filling up the DagBag from /opt/airflow/dags/export_tables_to_parquet.py
[2025-04-27T05:07:21.828+0000] {processor.py:840} INFO - DAG(s) 'export_postgres_tables_to_parquet' retrieved from /opt/airflow/dags/export_tables_to_parquet.py
[2025-04-27T05:07:21.842+0000] {logging_mixin.py:188} INFO - [2025-04-27T05:07:21.841+0000] {dag.py:3096} INFO - Sync 1 DAGs
[2025-04-27T05:07:21.848+0000] {logging_mixin.py:188} INFO - [2025-04-27T05:07:21.848+0000] {dag.py:3954} INFO - Setting next_dagrun for export_postgres_tables_to_parquet to None, run_after=None
[2025-04-27T05:07:21.858+0000] {processor.py:183} INFO - Processing /opt/airflow/dags/export_tables_to_parquet.py took 0.785 seconds
[2025-04-27T05:07:52.136+0000] {processor.py:161} INFO - Started process (PID=173) to work on /opt/airflow/dags/export_tables_to_parquet.py
[2025-04-27T05:07:52.137+0000] {processor.py:830} INFO - Processing file /opt/airflow/dags/export_tables_to_parquet.py for tasks to queue
[2025-04-27T05:07:52.139+0000] {logging_mixin.py:188} INFO - [2025-04-27T05:07:52.138+0000] {dagbag.py:540} INFO - Filling up the DagBag from /opt/airflow/dags/export_tables_to_parquet.py
[2025-04-27T05:07:52.288+0000] {processor.py:840} INFO - DAG(s) 'export_postgres_tables_to_parquet' retrieved from /opt/airflow/dags/export_tables_to_parquet.py
[2025-04-27T05:07:52.467+0000] {logging_mixin.py:188} INFO - [2025-04-27T05:07:52.467+0000] {dag.py:3096} INFO - Sync 1 DAGs
[2025-04-27T05:07:52.471+0000] {logging_mixin.py:188} INFO - [2025-04-27T05:07:52.471+0000] {dag.py:3954} INFO - Setting next_dagrun for export_postgres_tables_to_parquet to None, run_after=None
[2025-04-27T05:07:52.479+0000] {processor.py:183} INFO - Processing /opt/airflow/dags/export_tables_to_parquet.py took 0.349 seconds
[2025-04-27T05:08:22.560+0000] {processor.py:161} INFO - Started process (PID=179) to work on /opt/airflow/dags/export_tables_to_parquet.py
[2025-04-27T05:08:22.561+0000] {processor.py:830} INFO - Processing file /opt/airflow/dags/export_tables_to_parquet.py for tasks to queue
[2025-04-27T05:08:22.562+0000] {logging_mixin.py:188} INFO - [2025-04-27T05:08:22.562+0000] {dagbag.py:540} INFO - Filling up the DagBag from /opt/airflow/dags/export_tables_to_parquet.py
[2025-04-27T05:08:22.702+0000] {processor.py:840} INFO - DAG(s) 'export_postgres_tables_to_parquet' retrieved from /opt/airflow/dags/export_tables_to_parquet.py
[2025-04-27T05:08:22.715+0000] {logging_mixin.py:188} INFO - [2025-04-27T05:08:22.715+0000] {dag.py:3096} INFO - Sync 1 DAGs
[2025-04-27T05:08:22.795+0000] {logging_mixin.py:188} INFO - [2025-04-27T05:08:22.794+0000] {dag.py:3954} INFO - Setting next_dagrun for export_postgres_tables_to_parquet to None, run_after=None
[2025-04-27T05:08:22.803+0000] {processor.py:183} INFO - Processing /opt/airflow/dags/export_tables_to_parquet.py took 0.247 seconds
[2025-04-27T05:08:53.167+0000] {processor.py:161} INFO - Started process (PID=185) to work on /opt/airflow/dags/export_tables_to_parquet.py
[2025-04-27T05:08:53.168+0000] {processor.py:830} INFO - Processing file /opt/airflow/dags/export_tables_to_parquet.py for tasks to queue
[2025-04-27T05:08:53.169+0000] {logging_mixin.py:188} INFO - [2025-04-27T05:08:53.169+0000] {dagbag.py:540} INFO - Filling up the DagBag from /opt/airflow/dags/export_tables_to_parquet.py
[2025-04-27T05:08:53.305+0000] {processor.py:840} INFO - DAG(s) 'export_postgres_tables_to_parquet' retrieved from /opt/airflow/dags/export_tables_to_parquet.py
[2025-04-27T05:08:53.317+0000] {logging_mixin.py:188} INFO - [2025-04-27T05:08:53.317+0000] {dag.py:3096} INFO - Sync 1 DAGs
[2025-04-27T05:08:53.395+0000] {logging_mixin.py:188} INFO - [2025-04-27T05:08:53.395+0000] {dag.py:3954} INFO - Setting next_dagrun for export_postgres_tables_to_parquet to None, run_after=None
[2025-04-27T05:08:53.403+0000] {processor.py:183} INFO - Processing /opt/airflow/dags/export_tables_to_parquet.py took 0.239 seconds
[2025-04-27T05:09:23.507+0000] {processor.py:161} INFO - Started process (PID=191) to work on /opt/airflow/dags/export_tables_to_parquet.py
[2025-04-27T05:09:23.508+0000] {processor.py:830} INFO - Processing file /opt/airflow/dags/export_tables_to_parquet.py for tasks to queue
[2025-04-27T05:09:23.510+0000] {logging_mixin.py:188} INFO - [2025-04-27T05:09:23.509+0000] {dagbag.py:540} INFO - Filling up the DagBag from /opt/airflow/dags/export_tables_to_parquet.py
[2025-04-27T05:09:23.664+0000] {processor.py:840} INFO - DAG(s) 'export_postgres_tables_to_parquet' retrieved from /opt/airflow/dags/export_tables_to_parquet.py
[2025-04-27T05:09:23.751+0000] {logging_mixin.py:188} INFO - [2025-04-27T05:09:23.751+0000] {dag.py:3096} INFO - Sync 1 DAGs
[2025-04-27T05:09:23.755+0000] {logging_mixin.py:188} INFO - [2025-04-27T05:09:23.755+0000] {dag.py:3954} INFO - Setting next_dagrun for export_postgres_tables_to_parquet to None, run_after=None
[2025-04-27T05:09:23.763+0000] {processor.py:183} INFO - Processing /opt/airflow/dags/export_tables_to_parquet.py took 0.262 seconds
[2025-04-27T05:09:54.085+0000] {processor.py:161} INFO - Started process (PID=197) to work on /opt/airflow/dags/export_tables_to_parquet.py
[2025-04-27T05:09:54.086+0000] {processor.py:830} INFO - Processing file /opt/airflow/dags/export_tables_to_parquet.py for tasks to queue
[2025-04-27T05:09:54.088+0000] {logging_mixin.py:188} INFO - [2025-04-27T05:09:54.087+0000] {dagbag.py:540} INFO - Filling up the DagBag from /opt/airflow/dags/export_tables_to_parquet.py
[2025-04-27T05:09:54.233+0000] {processor.py:840} INFO - DAG(s) 'export_postgres_tables_to_parquet' retrieved from /opt/airflow/dags/export_tables_to_parquet.py
[2025-04-27T05:09:54.315+0000] {logging_mixin.py:188} INFO - [2025-04-27T05:09:54.315+0000] {dag.py:3096} INFO - Sync 1 DAGs
[2025-04-27T05:09:54.319+0000] {logging_mixin.py:188} INFO - [2025-04-27T05:09:54.319+0000] {dag.py:3954} INFO - Setting next_dagrun for export_postgres_tables_to_parquet to None, run_after=None
[2025-04-27T05:09:54.327+0000] {processor.py:183} INFO - Processing /opt/airflow/dags/export_tables_to_parquet.py took 0.247 seconds
[2025-04-27T05:10:24.463+0000] {processor.py:161} INFO - Started process (PID=203) to work on /opt/airflow/dags/export_tables_to_parquet.py
[2025-04-27T05:10:24.464+0000] {processor.py:830} INFO - Processing file /opt/airflow/dags/export_tables_to_parquet.py for tasks to queue
[2025-04-27T05:10:24.466+0000] {logging_mixin.py:188} INFO - [2025-04-27T05:10:24.466+0000] {dagbag.py:540} INFO - Filling up the DagBag from /opt/airflow/dags/export_tables_to_parquet.py
[2025-04-27T05:10:24.686+0000] {processor.py:840} INFO - DAG(s) 'export_postgres_tables_to_parquet' retrieved from /opt/airflow/dags/export_tables_to_parquet.py
[2025-04-27T05:10:24.696+0000] {logging_mixin.py:188} INFO - [2025-04-27T05:10:24.696+0000] {dag.py:3096} INFO - Sync 1 DAGs
[2025-04-27T05:10:24.700+0000] {logging_mixin.py:188} INFO - [2025-04-27T05:10:24.700+0000] {dag.py:3954} INFO - Setting next_dagrun for export_postgres_tables_to_parquet to None, run_after=None
[2025-04-27T05:10:24.707+0000] {processor.py:183} INFO - Processing /opt/airflow/dags/export_tables_to_parquet.py took 0.251 seconds
[2025-04-27T05:10:54.942+0000] {processor.py:161} INFO - Started process (PID=209) to work on /opt/airflow/dags/export_tables_to_parquet.py
[2025-04-27T05:10:54.943+0000] {processor.py:830} INFO - Processing file /opt/airflow/dags/export_tables_to_parquet.py for tasks to queue
[2025-04-27T05:10:54.945+0000] {logging_mixin.py:188} INFO - [2025-04-27T05:10:54.945+0000] {dagbag.py:540} INFO - Filling up the DagBag from /opt/airflow/dags/export_tables_to_parquet.py
[2025-04-27T05:10:55.163+0000] {processor.py:840} INFO - DAG(s) 'export_postgres_tables_to_parquet' retrieved from /opt/airflow/dags/export_tables_to_parquet.py
[2025-04-27T05:10:55.174+0000] {logging_mixin.py:188} INFO - [2025-04-27T05:10:55.174+0000] {dag.py:3096} INFO - Sync 1 DAGs
[2025-04-27T05:10:55.178+0000] {logging_mixin.py:188} INFO - [2025-04-27T05:10:55.178+0000] {dag.py:3954} INFO - Setting next_dagrun for export_postgres_tables_to_parquet to None, run_after=None
[2025-04-27T05:10:55.186+0000] {processor.py:183} INFO - Processing /opt/airflow/dags/export_tables_to_parquet.py took 0.249 seconds
[2025-04-27T05:11:25.293+0000] {processor.py:161} INFO - Started process (PID=215) to work on /opt/airflow/dags/export_tables_to_parquet.py
[2025-04-27T05:11:25.294+0000] {processor.py:830} INFO - Processing file /opt/airflow/dags/export_tables_to_parquet.py for tasks to queue
[2025-04-27T05:11:25.296+0000] {logging_mixin.py:188} INFO - [2025-04-27T05:11:25.296+0000] {dagbag.py:540} INFO - Filling up the DagBag from /opt/airflow/dags/export_tables_to_parquet.py
[2025-04-27T05:11:25.510+0000] {processor.py:840} INFO - DAG(s) 'export_postgres_tables_to_parquet' retrieved from /opt/airflow/dags/export_tables_to_parquet.py
[2025-04-27T05:11:25.521+0000] {logging_mixin.py:188} INFO - [2025-04-27T05:11:25.520+0000] {dag.py:3096} INFO - Sync 1 DAGs
[2025-04-27T05:11:25.525+0000] {logging_mixin.py:188} INFO - [2025-04-27T05:11:25.525+0000] {dag.py:3954} INFO - Setting next_dagrun for export_postgres_tables_to_parquet to None, run_after=None
[2025-04-27T05:11:25.533+0000] {processor.py:183} INFO - Processing /opt/airflow/dags/export_tables_to_parquet.py took 0.246 seconds
[2025-04-27T05:11:55.752+0000] {processor.py:161} INFO - Started process (PID=221) to work on /opt/airflow/dags/export_tables_to_parquet.py
[2025-04-27T05:11:55.753+0000] {processor.py:830} INFO - Processing file /opt/airflow/dags/export_tables_to_parquet.py for tasks to queue
[2025-04-27T05:11:55.755+0000] {logging_mixin.py:188} INFO - [2025-04-27T05:11:55.754+0000] {dagbag.py:540} INFO - Filling up the DagBag from /opt/airflow/dags/export_tables_to_parquet.py
[2025-04-27T05:11:55.969+0000] {processor.py:840} INFO - DAG(s) 'export_postgres_tables_to_parquet' retrieved from /opt/airflow/dags/export_tables_to_parquet.py
[2025-04-27T05:11:55.979+0000] {logging_mixin.py:188} INFO - [2025-04-27T05:11:55.979+0000] {dag.py:3096} INFO - Sync 1 DAGs
[2025-04-27T05:11:55.984+0000] {logging_mixin.py:188} INFO - [2025-04-27T05:11:55.984+0000] {dag.py:3954} INFO - Setting next_dagrun for export_postgres_tables_to_parquet to None, run_after=None
[2025-04-27T05:11:55.992+0000] {processor.py:183} INFO - Processing /opt/airflow/dags/export_tables_to_parquet.py took 0.246 seconds
[2025-04-27T05:12:26.159+0000] {processor.py:161} INFO - Started process (PID=227) to work on /opt/airflow/dags/export_tables_to_parquet.py
[2025-04-27T05:12:26.160+0000] {processor.py:830} INFO - Processing file /opt/airflow/dags/export_tables_to_parquet.py for tasks to queue
[2025-04-27T05:12:26.162+0000] {logging_mixin.py:188} INFO - [2025-04-27T05:12:26.161+0000] {dagbag.py:540} INFO - Filling up the DagBag from /opt/airflow/dags/export_tables_to_parquet.py
[2025-04-27T05:12:26.379+0000] {processor.py:840} INFO - DAG(s) 'export_postgres_tables_to_parquet' retrieved from /opt/airflow/dags/export_tables_to_parquet.py
[2025-04-27T05:12:26.390+0000] {logging_mixin.py:188} INFO - [2025-04-27T05:12:26.390+0000] {dag.py:3096} INFO - Sync 1 DAGs
[2025-04-27T05:12:26.395+0000] {logging_mixin.py:188} INFO - [2025-04-27T05:12:26.395+0000] {dag.py:3954} INFO - Setting next_dagrun for export_postgres_tables_to_parquet to None, run_after=None
[2025-04-27T05:12:26.403+0000] {processor.py:183} INFO - Processing /opt/airflow/dags/export_tables_to_parquet.py took 0.249 seconds
[2025-04-27T05:12:56.633+0000] {processor.py:161} INFO - Started process (PID=233) to work on /opt/airflow/dags/export_tables_to_parquet.py
[2025-04-27T05:12:56.634+0000] {processor.py:830} INFO - Processing file /opt/airflow/dags/export_tables_to_parquet.py for tasks to queue
[2025-04-27T05:12:56.637+0000] {logging_mixin.py:188} INFO - [2025-04-27T05:12:56.636+0000] {dagbag.py:540} INFO - Filling up the DagBag from /opt/airflow/dags/export_tables_to_parquet.py
[2025-04-27T05:12:56.867+0000] {processor.py:840} INFO - DAG(s) 'export_postgres_tables_to_parquet' retrieved from /opt/airflow/dags/export_tables_to_parquet.py
[2025-04-27T05:12:56.878+0000] {logging_mixin.py:188} INFO - [2025-04-27T05:12:56.877+0000] {dag.py:3096} INFO - Sync 1 DAGs
[2025-04-27T05:12:56.882+0000] {logging_mixin.py:188} INFO - [2025-04-27T05:12:56.882+0000] {dag.py:3954} INFO - Setting next_dagrun for export_postgres_tables_to_parquet to None, run_after=None
[2025-04-27T05:12:56.890+0000] {processor.py:183} INFO - Processing /opt/airflow/dags/export_tables_to_parquet.py took 0.264 seconds
[2025-04-27T05:13:27.082+0000] {processor.py:161} INFO - Started process (PID=239) to work on /opt/airflow/dags/export_tables_to_parquet.py
[2025-04-27T05:13:27.083+0000] {processor.py:830} INFO - Processing file /opt/airflow/dags/export_tables_to_parquet.py for tasks to queue
[2025-04-27T05:13:27.085+0000] {logging_mixin.py:188} INFO - [2025-04-27T05:13:27.085+0000] {dagbag.py:540} INFO - Filling up the DagBag from /opt/airflow/dags/export_tables_to_parquet.py
[2025-04-27T05:13:27.314+0000] {processor.py:840} INFO - DAG(s) 'export_postgres_tables_to_parquet' retrieved from /opt/airflow/dags/export_tables_to_parquet.py
[2025-04-27T05:13:27.324+0000] {logging_mixin.py:188} INFO - [2025-04-27T05:13:27.324+0000] {dag.py:3096} INFO - Sync 1 DAGs
[2025-04-27T05:13:27.328+0000] {logging_mixin.py:188} INFO - [2025-04-27T05:13:27.328+0000] {dag.py:3954} INFO - Setting next_dagrun for export_postgres_tables_to_parquet to None, run_after=None
[2025-04-27T05:13:27.336+0000] {processor.py:183} INFO - Processing /opt/airflow/dags/export_tables_to_parquet.py took 0.260 seconds
[2025-04-27T05:13:57.465+0000] {processor.py:161} INFO - Started process (PID=245) to work on /opt/airflow/dags/export_tables_to_parquet.py
[2025-04-27T05:13:57.466+0000] {processor.py:830} INFO - Processing file /opt/airflow/dags/export_tables_to_parquet.py for tasks to queue
[2025-04-27T05:13:57.468+0000] {logging_mixin.py:188} INFO - [2025-04-27T05:13:57.468+0000] {dagbag.py:540} INFO - Filling up the DagBag from /opt/airflow/dags/export_tables_to_parquet.py
[2025-04-27T05:13:57.688+0000] {processor.py:840} INFO - DAG(s) 'export_postgres_tables_to_parquet' retrieved from /opt/airflow/dags/export_tables_to_parquet.py
[2025-04-27T05:13:57.698+0000] {logging_mixin.py:188} INFO - [2025-04-27T05:13:57.698+0000] {dag.py:3096} INFO - Sync 1 DAGs
[2025-04-27T05:13:57.703+0000] {logging_mixin.py:188} INFO - [2025-04-27T05:13:57.703+0000] {dag.py:3954} INFO - Setting next_dagrun for export_postgres_tables_to_parquet to None, run_after=None
[2025-04-27T05:13:57.711+0000] {processor.py:183} INFO - Processing /opt/airflow/dags/export_tables_to_parquet.py took 0.252 seconds
[2025-04-27T05:14:28.002+0000] {processor.py:161} INFO - Started process (PID=251) to work on /opt/airflow/dags/export_tables_to_parquet.py
[2025-04-27T05:14:28.003+0000] {processor.py:830} INFO - Processing file /opt/airflow/dags/export_tables_to_parquet.py for tasks to queue
[2025-04-27T05:14:28.005+0000] {logging_mixin.py:188} INFO - [2025-04-27T05:14:28.005+0000] {dagbag.py:540} INFO - Filling up the DagBag from /opt/airflow/dags/export_tables_to_parquet.py
[2025-04-27T05:14:28.223+0000] {processor.py:840} INFO - DAG(s) 'export_postgres_tables_to_parquet' retrieved from /opt/airflow/dags/export_tables_to_parquet.py
[2025-04-27T05:14:28.234+0000] {logging_mixin.py:188} INFO - [2025-04-27T05:14:28.234+0000] {dag.py:3096} INFO - Sync 1 DAGs
[2025-04-27T05:14:28.238+0000] {logging_mixin.py:188} INFO - [2025-04-27T05:14:28.238+0000] {dag.py:3954} INFO - Setting next_dagrun for export_postgres_tables_to_parquet to None, run_after=None
[2025-04-27T05:14:28.246+0000] {processor.py:183} INFO - Processing /opt/airflow/dags/export_tables_to_parquet.py took 0.250 seconds
[2025-04-27T05:14:58.353+0000] {processor.py:161} INFO - Started process (PID=257) to work on /opt/airflow/dags/export_tables_to_parquet.py
[2025-04-27T05:14:58.354+0000] {processor.py:830} INFO - Processing file /opt/airflow/dags/export_tables_to_parquet.py for tasks to queue
[2025-04-27T05:14:58.356+0000] {logging_mixin.py:188} INFO - [2025-04-27T05:14:58.356+0000] {dagbag.py:540} INFO - Filling up the DagBag from /opt/airflow/dags/export_tables_to_parquet.py
[2025-04-27T05:14:58.584+0000] {processor.py:840} INFO - DAG(s) 'export_postgres_tables_to_parquet' retrieved from /opt/airflow/dags/export_tables_to_parquet.py
[2025-04-27T05:14:58.596+0000] {logging_mixin.py:188} INFO - [2025-04-27T05:14:58.595+0000] {dag.py:3096} INFO - Sync 1 DAGs
[2025-04-27T05:14:58.601+0000] {logging_mixin.py:188} INFO - [2025-04-27T05:14:58.601+0000] {dag.py:3954} INFO - Setting next_dagrun for export_postgres_tables_to_parquet to None, run_after=None
[2025-04-27T05:14:58.609+0000] {processor.py:183} INFO - Processing /opt/airflow/dags/export_tables_to_parquet.py took 0.263 seconds
[2025-04-27T05:15:28.869+0000] {processor.py:161} INFO - Started process (PID=263) to work on /opt/airflow/dags/export_tables_to_parquet.py
[2025-04-27T05:15:28.870+0000] {processor.py:830} INFO - Processing file /opt/airflow/dags/export_tables_to_parquet.py for tasks to queue
[2025-04-27T05:15:28.872+0000] {logging_mixin.py:188} INFO - [2025-04-27T05:15:28.871+0000] {dagbag.py:540} INFO - Filling up the DagBag from /opt/airflow/dags/export_tables_to_parquet.py
[2025-04-27T05:15:29.104+0000] {processor.py:840} INFO - DAG(s) 'export_postgres_tables_to_parquet' retrieved from /opt/airflow/dags/export_tables_to_parquet.py
[2025-04-27T05:15:29.116+0000] {logging_mixin.py:188} INFO - [2025-04-27T05:15:29.115+0000] {dag.py:3096} INFO - Sync 1 DAGs
[2025-04-27T05:15:29.120+0000] {logging_mixin.py:188} INFO - [2025-04-27T05:15:29.120+0000] {dag.py:3954} INFO - Setting next_dagrun for export_postgres_tables_to_parquet to None, run_after=None
[2025-04-27T05:15:29.128+0000] {processor.py:183} INFO - Processing /opt/airflow/dags/export_tables_to_parquet.py took 0.266 seconds
[2025-04-27T05:15:59.231+0000] {processor.py:161} INFO - Started process (PID=269) to work on /opt/airflow/dags/export_tables_to_parquet.py
[2025-04-27T05:15:59.233+0000] {processor.py:830} INFO - Processing file /opt/airflow/dags/export_tables_to_parquet.py for tasks to queue
[2025-04-27T05:15:59.241+0000] {logging_mixin.py:188} INFO - [2025-04-27T05:15:59.240+0000] {dagbag.py:540} INFO - Filling up the DagBag from /opt/airflow/dags/export_tables_to_parquet.py
[2025-04-27T05:15:59.505+0000] {processor.py:840} INFO - DAG(s) 'export_postgres_tables_to_parquet' retrieved from /opt/airflow/dags/export_tables_to_parquet.py
[2025-04-27T05:15:59.522+0000] {logging_mixin.py:188} INFO - [2025-04-27T05:15:59.522+0000] {dag.py:3096} INFO - Sync 1 DAGs
[2025-04-27T05:15:59.528+0000] {logging_mixin.py:188} INFO - [2025-04-27T05:15:59.528+0000] {dag.py:3954} INFO - Setting next_dagrun for export_postgres_tables_to_parquet to None, run_after=None
[2025-04-27T05:15:59.538+0000] {processor.py:183} INFO - Processing /opt/airflow/dags/export_tables_to_parquet.py took 0.319 seconds
[2025-04-27T05:16:29.812+0000] {processor.py:161} INFO - Started process (PID=275) to work on /opt/airflow/dags/export_tables_to_parquet.py
[2025-04-27T05:16:29.813+0000] {processor.py:830} INFO - Processing file /opt/airflow/dags/export_tables_to_parquet.py for tasks to queue
[2025-04-27T05:16:29.815+0000] {logging_mixin.py:188} INFO - [2025-04-27T05:16:29.815+0000] {dagbag.py:540} INFO - Filling up the DagBag from /opt/airflow/dags/export_tables_to_parquet.py
[2025-04-27T05:16:30.035+0000] {processor.py:840} INFO - DAG(s) 'export_postgres_tables_to_parquet' retrieved from /opt/airflow/dags/export_tables_to_parquet.py
[2025-04-27T05:16:30.045+0000] {logging_mixin.py:188} INFO - [2025-04-27T05:16:30.045+0000] {dag.py:3096} INFO - Sync 1 DAGs
[2025-04-27T05:16:30.050+0000] {logging_mixin.py:188} INFO - [2025-04-27T05:16:30.050+0000] {dag.py:3954} INFO - Setting next_dagrun for export_postgres_tables_to_parquet to None, run_after=None
[2025-04-27T05:16:30.057+0000] {processor.py:183} INFO - Processing /opt/airflow/dags/export_tables_to_parquet.py took 0.252 seconds
[2025-04-27T05:17:00.134+0000] {processor.py:161} INFO - Started process (PID=281) to work on /opt/airflow/dags/export_tables_to_parquet.py
[2025-04-27T05:17:00.135+0000] {processor.py:830} INFO - Processing file /opt/airflow/dags/export_tables_to_parquet.py for tasks to queue
[2025-04-27T05:17:00.138+0000] {logging_mixin.py:188} INFO - [2025-04-27T05:17:00.137+0000] {dagbag.py:540} INFO - Filling up the DagBag from /opt/airflow/dags/export_tables_to_parquet.py
[2025-04-27T05:17:00.380+0000] {processor.py:840} INFO - DAG(s) 'export_postgres_tables_to_parquet' retrieved from /opt/airflow/dags/export_tables_to_parquet.py
[2025-04-27T05:17:00.391+0000] {logging_mixin.py:188} INFO - [2025-04-27T05:17:00.391+0000] {dag.py:3096} INFO - Sync 1 DAGs
[2025-04-27T05:17:00.395+0000] {logging_mixin.py:188} INFO - [2025-04-27T05:17:00.395+0000] {dag.py:3954} INFO - Setting next_dagrun for export_postgres_tables_to_parquet to None, run_after=None
[2025-04-27T05:17:00.403+0000] {processor.py:183} INFO - Processing /opt/airflow/dags/export_tables_to_parquet.py took 0.276 seconds
[2025-04-27T05:17:30.746+0000] {processor.py:161} INFO - Started process (PID=287) to work on /opt/airflow/dags/export_tables_to_parquet.py
[2025-04-27T05:17:30.747+0000] {processor.py:830} INFO - Processing file /opt/airflow/dags/export_tables_to_parquet.py for tasks to queue
[2025-04-27T05:17:30.749+0000] {logging_mixin.py:188} INFO - [2025-04-27T05:17:30.748+0000] {dagbag.py:540} INFO - Filling up the DagBag from /opt/airflow/dags/export_tables_to_parquet.py
[2025-04-27T05:17:30.982+0000] {processor.py:840} INFO - DAG(s) 'export_postgres_tables_to_parquet' retrieved from /opt/airflow/dags/export_tables_to_parquet.py
[2025-04-27T05:17:30.994+0000] {logging_mixin.py:188} INFO - [2025-04-27T05:17:30.994+0000] {dag.py:3096} INFO - Sync 1 DAGs
[2025-04-27T05:17:30.999+0000] {logging_mixin.py:188} INFO - [2025-04-27T05:17:30.999+0000] {dag.py:3954} INFO - Setting next_dagrun for export_postgres_tables_to_parquet to None, run_after=None
[2025-04-27T05:17:31.008+0000] {processor.py:183} INFO - Processing /opt/airflow/dags/export_tables_to_parquet.py took 0.269 seconds
[2025-04-27T05:18:01.102+0000] {processor.py:161} INFO - Started process (PID=293) to work on /opt/airflow/dags/export_tables_to_parquet.py
[2025-04-27T05:18:01.103+0000] {processor.py:830} INFO - Processing file /opt/airflow/dags/export_tables_to_parquet.py for tasks to queue
[2025-04-27T05:18:01.104+0000] {logging_mixin.py:188} INFO - [2025-04-27T05:18:01.104+0000] {dagbag.py:540} INFO - Filling up the DagBag from /opt/airflow/dags/export_tables_to_parquet.py
[2025-04-27T05:18:01.321+0000] {processor.py:840} INFO - DAG(s) 'export_postgres_tables_to_parquet' retrieved from /opt/airflow/dags/export_tables_to_parquet.py
[2025-04-27T05:18:01.332+0000] {logging_mixin.py:188} INFO - [2025-04-27T05:18:01.332+0000] {dag.py:3096} INFO - Sync 1 DAGs
[2025-04-27T05:18:01.337+0000] {logging_mixin.py:188} INFO - [2025-04-27T05:18:01.337+0000] {dag.py:3954} INFO - Setting next_dagrun for export_postgres_tables_to_parquet to None, run_after=None
[2025-04-27T05:18:01.345+0000] {processor.py:183} INFO - Processing /opt/airflow/dags/export_tables_to_parquet.py took 0.247 seconds
[2025-04-27T05:18:31.734+0000] {processor.py:161} INFO - Started process (PID=299) to work on /opt/airflow/dags/export_tables_to_parquet.py
[2025-04-27T05:18:31.735+0000] {processor.py:830} INFO - Processing file /opt/airflow/dags/export_tables_to_parquet.py for tasks to queue
[2025-04-27T05:18:31.736+0000] {logging_mixin.py:188} INFO - [2025-04-27T05:18:31.736+0000] {dagbag.py:540} INFO - Filling up the DagBag from /opt/airflow/dags/export_tables_to_parquet.py
[2025-04-27T05:18:31.955+0000] {processor.py:840} INFO - DAG(s) 'export_postgres_tables_to_parquet' retrieved from /opt/airflow/dags/export_tables_to_parquet.py
[2025-04-27T05:18:31.966+0000] {logging_mixin.py:188} INFO - [2025-04-27T05:18:31.965+0000] {dag.py:3096} INFO - Sync 1 DAGs
[2025-04-27T05:18:31.970+0000] {logging_mixin.py:188} INFO - [2025-04-27T05:18:31.970+0000] {dag.py:3954} INFO - Setting next_dagrun for export_postgres_tables_to_parquet to None, run_after=None
[2025-04-27T05:18:31.977+0000] {processor.py:183} INFO - Processing /opt/airflow/dags/export_tables_to_parquet.py took 0.250 seconds
[2025-04-27T05:19:02.033+0000] {processor.py:161} INFO - Started process (PID=305) to work on /opt/airflow/dags/export_tables_to_parquet.py
[2025-04-27T05:19:02.034+0000] {processor.py:830} INFO - Processing file /opt/airflow/dags/export_tables_to_parquet.py for tasks to queue
[2025-04-27T05:19:02.036+0000] {logging_mixin.py:188} INFO - [2025-04-27T05:19:02.035+0000] {dagbag.py:540} INFO - Filling up the DagBag from /opt/airflow/dags/export_tables_to_parquet.py
[2025-04-27T05:19:02.264+0000] {processor.py:840} INFO - DAG(s) 'export_postgres_tables_to_parquet' retrieved from /opt/airflow/dags/export_tables_to_parquet.py
[2025-04-27T05:19:02.275+0000] {logging_mixin.py:188} INFO - [2025-04-27T05:19:02.275+0000] {dag.py:3096} INFO - Sync 1 DAGs
[2025-04-27T05:19:02.279+0000] {logging_mixin.py:188} INFO - [2025-04-27T05:19:02.279+0000] {dag.py:3954} INFO - Setting next_dagrun for export_postgres_tables_to_parquet to None, run_after=None
[2025-04-27T05:19:02.287+0000] {processor.py:183} INFO - Processing /opt/airflow/dags/export_tables_to_parquet.py took 0.260 seconds
[2025-04-27T05:19:32.657+0000] {processor.py:161} INFO - Started process (PID=311) to work on /opt/airflow/dags/export_tables_to_parquet.py
[2025-04-27T05:19:32.658+0000] {processor.py:830} INFO - Processing file /opt/airflow/dags/export_tables_to_parquet.py for tasks to queue
[2025-04-27T05:19:32.660+0000] {logging_mixin.py:188} INFO - [2025-04-27T05:19:32.659+0000] {dagbag.py:540} INFO - Filling up the DagBag from /opt/airflow/dags/export_tables_to_parquet.py
[2025-04-27T05:19:32.892+0000] {processor.py:840} INFO - DAG(s) 'export_postgres_tables_to_parquet' retrieved from /opt/airflow/dags/export_tables_to_parquet.py
[2025-04-27T05:19:32.903+0000] {logging_mixin.py:188} INFO - [2025-04-27T05:19:32.903+0000] {dag.py:3096} INFO - Sync 1 DAGs
[2025-04-27T05:19:32.907+0000] {logging_mixin.py:188} INFO - [2025-04-27T05:19:32.907+0000] {dag.py:3954} INFO - Setting next_dagrun for export_postgres_tables_to_parquet to None, run_after=None
[2025-04-27T05:19:32.915+0000] {processor.py:183} INFO - Processing /opt/airflow/dags/export_tables_to_parquet.py took 0.264 seconds
[2025-04-27T05:20:02.988+0000] {processor.py:161} INFO - Started process (PID=317) to work on /opt/airflow/dags/export_tables_to_parquet.py
[2025-04-27T05:20:02.989+0000] {processor.py:830} INFO - Processing file /opt/airflow/dags/export_tables_to_parquet.py for tasks to queue
[2025-04-27T05:20:02.991+0000] {logging_mixin.py:188} INFO - [2025-04-27T05:20:02.990+0000] {dagbag.py:540} INFO - Filling up the DagBag from /opt/airflow/dags/export_tables_to_parquet.py
[2025-04-27T05:20:03.224+0000] {processor.py:840} INFO - DAG(s) 'export_postgres_tables_to_parquet' retrieved from /opt/airflow/dags/export_tables_to_parquet.py
[2025-04-27T05:20:03.235+0000] {logging_mixin.py:188} INFO - [2025-04-27T05:20:03.235+0000] {dag.py:3096} INFO - Sync 1 DAGs
[2025-04-27T05:20:03.240+0000] {logging_mixin.py:188} INFO - [2025-04-27T05:20:03.240+0000] {dag.py:3954} INFO - Setting next_dagrun for export_postgres_tables_to_parquet to None, run_after=None
[2025-04-27T05:20:03.247+0000] {processor.py:183} INFO - Processing /opt/airflow/dags/export_tables_to_parquet.py took 0.267 seconds
[2025-04-27T05:20:33.567+0000] {processor.py:161} INFO - Started process (PID=323) to work on /opt/airflow/dags/export_tables_to_parquet.py
[2025-04-27T05:20:33.568+0000] {processor.py:830} INFO - Processing file /opt/airflow/dags/export_tables_to_parquet.py for tasks to queue
[2025-04-27T05:20:33.570+0000] {logging_mixin.py:188} INFO - [2025-04-27T05:20:33.569+0000] {dagbag.py:540} INFO - Filling up the DagBag from /opt/airflow/dags/export_tables_to_parquet.py
[2025-04-27T05:20:33.787+0000] {processor.py:840} INFO - DAG(s) 'export_postgres_tables_to_parquet' retrieved from /opt/airflow/dags/export_tables_to_parquet.py
[2025-04-27T05:20:33.798+0000] {logging_mixin.py:188} INFO - [2025-04-27T05:20:33.798+0000] {dag.py:3096} INFO - Sync 1 DAGs
[2025-04-27T05:20:33.802+0000] {logging_mixin.py:188} INFO - [2025-04-27T05:20:33.802+0000] {dag.py:3954} INFO - Setting next_dagrun for export_postgres_tables_to_parquet to None, run_after=None
[2025-04-27T05:20:33.810+0000] {processor.py:183} INFO - Processing /opt/airflow/dags/export_tables_to_parquet.py took 0.250 seconds
[2025-04-27T05:21:03.916+0000] {processor.py:161} INFO - Started process (PID=329) to work on /opt/airflow/dags/export_tables_to_parquet.py
[2025-04-27T05:21:03.917+0000] {processor.py:830} INFO - Processing file /opt/airflow/dags/export_tables_to_parquet.py for tasks to queue
[2025-04-27T05:21:03.918+0000] {logging_mixin.py:188} INFO - [2025-04-27T05:21:03.918+0000] {dagbag.py:540} INFO - Filling up the DagBag from /opt/airflow/dags/export_tables_to_parquet.py
[2025-04-27T05:21:04.189+0000] {processor.py:840} INFO - DAG(s) 'export_postgres_tables_to_parquet' retrieved from /opt/airflow/dags/export_tables_to_parquet.py
[2025-04-27T05:21:04.201+0000] {logging_mixin.py:188} INFO - [2025-04-27T05:21:04.201+0000] {dag.py:3096} INFO - Sync 1 DAGs
[2025-04-27T05:21:04.207+0000] {logging_mixin.py:188} INFO - [2025-04-27T05:21:04.207+0000] {dag.py:3954} INFO - Setting next_dagrun for export_postgres_tables_to_parquet to None, run_after=None
[2025-04-27T05:21:04.215+0000] {processor.py:183} INFO - Processing /opt/airflow/dags/export_tables_to_parquet.py took 0.303 seconds
[2025-04-27T05:21:34.472+0000] {processor.py:161} INFO - Started process (PID=335) to work on /opt/airflow/dags/export_tables_to_parquet.py
[2025-04-27T05:21:34.473+0000] {processor.py:830} INFO - Processing file /opt/airflow/dags/export_tables_to_parquet.py for tasks to queue
[2025-04-27T05:21:34.475+0000] {logging_mixin.py:188} INFO - [2025-04-27T05:21:34.474+0000] {dagbag.py:540} INFO - Filling up the DagBag from /opt/airflow/dags/export_tables_to_parquet.py
[2025-04-27T05:21:34.742+0000] {processor.py:840} INFO - DAG(s) 'export_postgres_tables_to_parquet' retrieved from /opt/airflow/dags/export_tables_to_parquet.py
[2025-04-27T05:21:34.754+0000] {logging_mixin.py:188} INFO - [2025-04-27T05:21:34.754+0000] {dag.py:3096} INFO - Sync 1 DAGs
[2025-04-27T05:21:34.759+0000] {logging_mixin.py:188} INFO - [2025-04-27T05:21:34.759+0000] {dag.py:3954} INFO - Setting next_dagrun for export_postgres_tables_to_parquet to None, run_after=None
[2025-04-27T05:21:34.766+0000] {processor.py:183} INFO - Processing /opt/airflow/dags/export_tables_to_parquet.py took 0.300 seconds
[2025-04-27T05:22:04.819+0000] {processor.py:161} INFO - Started process (PID=341) to work on /opt/airflow/dags/export_tables_to_parquet.py
[2025-04-27T05:22:04.821+0000] {processor.py:830} INFO - Processing file /opt/airflow/dags/export_tables_to_parquet.py for tasks to queue
[2025-04-27T05:22:04.823+0000] {logging_mixin.py:188} INFO - [2025-04-27T05:22:04.823+0000] {dagbag.py:540} INFO - Filling up the DagBag from /opt/airflow/dags/export_tables_to_parquet.py
[2025-04-27T05:22:05.045+0000] {processor.py:840} INFO - DAG(s) 'export_postgres_tables_to_parquet' retrieved from /opt/airflow/dags/export_tables_to_parquet.py
[2025-04-27T05:22:05.056+0000] {logging_mixin.py:188} INFO - [2025-04-27T05:22:05.056+0000] {dag.py:3096} INFO - Sync 1 DAGs
[2025-04-27T05:22:05.061+0000] {logging_mixin.py:188} INFO - [2025-04-27T05:22:05.061+0000] {dag.py:3954} INFO - Setting next_dagrun for export_postgres_tables_to_parquet to None, run_after=None
[2025-04-27T05:22:05.068+0000] {processor.py:183} INFO - Processing /opt/airflow/dags/export_tables_to_parquet.py took 0.256 seconds
