[2025-04-27T05:02:50.674+0000] {local_task_job_runner.py:120} INFO - ::group::Pre task execution logs
[2025-04-27T05:02:50.688+0000] {taskinstance.py:2073} INFO - Dependencies all met for dep_context=non-requeueable deps ti=<TaskInstance: export_postgres_tables_to_parquet.export_tables manual__2025-04-27T05:02:49.588670+00:00 [queued]>
[2025-04-27T05:02:50.766+0000] {taskinstance.py:2073} INFO - Dependencies all met for dep_context=requeueable deps ti=<TaskInstance: export_postgres_tables_to_parquet.export_tables manual__2025-04-27T05:02:49.588670+00:00 [queued]>
[2025-04-27T05:02:50.766+0000] {taskinstance.py:2303} INFO - Starting attempt 1 of 1
[2025-04-27T05:02:50.772+0000] {taskinstance.py:2327} INFO - Executing <Task(PythonOperator): export_tables> on 2025-04-27 05:02:49.588670+00:00
[2025-04-27T05:02:50.776+0000] {logging_mixin.py:188} WARNING - /home/***/.local/lib/python3.12/site-packages/***/task/task_runner/standard_task_runner.py:61 DeprecationWarning: This process (pid=222) is multi-threaded, use of fork() may lead to deadlocks in the child.
[2025-04-27T05:02:50.775+0000] {standard_task_runner.py:90} INFO - Running: ['***', 'tasks', 'run', 'export_postgres_tables_to_parquet', 'export_tables', 'manual__2025-04-27T05:02:49.588670+00:00', '--job-id', '7', '--raw', '--subdir', 'DAGS_FOLDER/export_tables_to_parquet.py', '--cfg-path', '/tmp/tmpb1_wmphe']
[2025-04-27T05:02:50.777+0000] {standard_task_runner.py:91} INFO - Job 7: Subtask export_tables
[2025-04-27T05:02:50.777+0000] {standard_task_runner.py:63} INFO - Started process 224 to run task
[2025-04-27T05:02:50.800+0000] {task_command.py:426} INFO - Running <TaskInstance: export_postgres_tables_to_parquet.export_tables manual__2025-04-27T05:02:49.588670+00:00 [running]> on host b830a459ba03
[2025-04-27T05:02:50.838+0000] {taskinstance.py:2644} INFO - Exporting env vars: AIRFLOW_CTX_DAG_OWNER='***' AIRFLOW_CTX_DAG_ID='export_postgres_tables_to_parquet' AIRFLOW_CTX_TASK_ID='export_tables' AIRFLOW_CTX_EXECUTION_DATE='2025-04-27T05:02:49.588670+00:00' AIRFLOW_CTX_TRY_NUMBER='1' AIRFLOW_CTX_DAG_RUN_ID='manual__2025-04-27T05:02:49.588670+00:00'
[2025-04-27T05:02:50.838+0000] {taskinstance.py:430} INFO - ::endgroup::
[2025-04-27T05:02:50.880+0000] {logging_mixin.py:188} INFO - Tabela patients salva em Parquet.
[2025-04-27T05:02:50.893+0000] {logging_mixin.py:188} INFO - Tabela appointments salva em Parquet.
[2025-04-27T05:02:50.903+0000] {logging_mixin.py:188} INFO - Tabela providers salva em Parquet.
[2025-04-27T05:02:50.915+0000] {logging_mixin.py:188} INFO - Tabela prescriptions salva em Parquet.
[2025-04-27T05:02:50.915+0000] {python.py:237} INFO - Done. Returned value was: None
[2025-04-27T05:02:50.915+0000] {taskinstance.py:441} INFO - ::group::Post task execution logs
[2025-04-27T05:02:50.920+0000] {taskinstance.py:1205} INFO - Marking task as SUCCESS. dag_id=export_postgres_tables_to_parquet, task_id=export_tables, execution_date=20250427T050249, start_date=20250427T050250, end_date=20250427T050250
[2025-04-27T05:02:50.960+0000] {local_task_job_runner.py:240} INFO - Task exited with return code 0
[2025-04-27T05:02:50.969+0000] {taskinstance.py:3482} INFO - 0 downstream tasks scheduled from follow-on schedule check
[2025-04-27T05:02:50.970+0000] {local_task_job_runner.py:222} INFO - ::endgroup::
