[2025-04-27T04:56:12.893+0000] {local_task_job_runner.py:120} INFO - ::group::Pre task execution logs
[2025-04-27T04:56:12.909+0000] {taskinstance.py:2073} INFO - Dependencies all met for dep_context=non-requeueable deps ti=<TaskInstance: export_postgres_tables_to_parquet.export_tables manual__2025-04-27T04:56:12.258326+00:00 [queued]>
[2025-04-27T04:56:12.914+0000] {taskinstance.py:2073} INFO - Dependencies all met for dep_context=requeueable deps ti=<TaskInstance: export_postgres_tables_to_parquet.export_tables manual__2025-04-27T04:56:12.258326+00:00 [queued]>
[2025-04-27T04:56:12.914+0000] {taskinstance.py:2303} INFO - Starting attempt 1 of 1
[2025-04-27T04:56:12.996+0000] {taskinstance.py:2327} INFO - Executing <Task(PythonOperator): export_tables> on 2025-04-27 04:56:12.258326+00:00
[2025-04-27T04:56:13.000+0000] {standard_task_runner.py:90} INFO - Running: ['***', 'tasks', 'run', 'export_postgres_tables_to_parquet', 'export_tables', 'manual__2025-04-27T04:56:12.258326+00:00', '--job-id', '4', '--raw', '--subdir', 'DAGS_FOLDER/export_tables_to_parquet.py', '--cfg-path', '/tmp/tmpvjoosmhp']
[2025-04-27T04:56:13.001+0000] {logging_mixin.py:188} WARNING - /home/***/.local/lib/python3.12/site-packages/***/task/task_runner/standard_task_runner.py:61 DeprecationWarning: This process (pid=175) is multi-threaded, use of fork() may lead to deadlocks in the child.
[2025-04-27T04:56:13.002+0000] {standard_task_runner.py:91} INFO - Job 4: Subtask export_tables
[2025-04-27T04:56:13.002+0000] {standard_task_runner.py:63} INFO - Started process 179 to run task
[2025-04-27T04:56:13.026+0000] {task_command.py:426} INFO - Running <TaskInstance: export_postgres_tables_to_parquet.export_tables manual__2025-04-27T04:56:12.258326+00:00 [running]> on host 60e8afbda6c9
[2025-04-27T04:56:13.067+0000] {taskinstance.py:2644} INFO - Exporting env vars: AIRFLOW_CTX_DAG_OWNER='***' AIRFLOW_CTX_DAG_ID='export_postgres_tables_to_parquet' AIRFLOW_CTX_TASK_ID='export_tables' AIRFLOW_CTX_EXECUTION_DATE='2025-04-27T04:56:12.258326+00:00' AIRFLOW_CTX_TRY_NUMBER='1' AIRFLOW_CTX_DAG_RUN_ID='manual__2025-04-27T04:56:12.258326+00:00'
[2025-04-27T04:56:13.068+0000] {taskinstance.py:430} INFO - ::endgroup::
[2025-04-27T04:56:13.096+0000] {taskinstance.py:441} INFO - ::group::Post task execution logs
[2025-04-27T04:56:13.096+0000] {taskinstance.py:2890} ERROR - Task failed with exception
Traceback (most recent call last):
  File "/home/airflow/.local/lib/python3.12/site-packages/airflow/models/taskinstance.py", line 465, in _execute_task
    result = _execute_callable(context=context, **execute_callable_kwargs)
             ^^^^^^^^^^^^^^^^^^^^^^^^^^^^^^^^^^^^^^^^^^^^^^^^^^^^^^^^^^^^^
  File "/home/airflow/.local/lib/python3.12/site-packages/airflow/models/taskinstance.py", line 432, in _execute_callable
    return execute_callable(context=context, **execute_callable_kwargs)
           ^^^^^^^^^^^^^^^^^^^^^^^^^^^^^^^^^^^^^^^^^^^^^^^^^^^^^^^^^^^^
  File "/home/airflow/.local/lib/python3.12/site-packages/airflow/models/baseoperator.py", line 400, in wrapper
    return func(self, *args, **kwargs)
           ^^^^^^^^^^^^^^^^^^^^^^^^^^^
  File "/home/airflow/.local/lib/python3.12/site-packages/airflow/operators/python.py", line 235, in execute
    return_value = self.execute_callable()
                   ^^^^^^^^^^^^^^^^^^^^^^^
  File "/home/airflow/.local/lib/python3.12/site-packages/airflow/operators/python.py", line 252, in execute_callable
    return self.python_callable(*self.op_args, **self.op_kwargs)
           ^^^^^^^^^^^^^^^^^^^^^^^^^^^^^^^^^^^^^^^^^^^^^^^^^^^^^
  File "/opt/airflow/dags/export_tables_to_parquet.py", line 40, in export_tables_to_parquet
    os.makedirs(output_dir, exist_ok=True)
  File "<frozen os>", line 215, in makedirs
  File "<frozen os>", line 225, in makedirs
PermissionError: [Errno 13] Permission denied: '/opt/airflow/../app'
[2025-04-27T04:56:13.102+0000] {taskinstance.py:1205} INFO - Marking task as FAILED. dag_id=export_postgres_tables_to_parquet, task_id=export_tables, execution_date=20250427T045612, start_date=20250427T045612, end_date=20250427T045613
[2025-04-27T04:56:13.107+0000] {standard_task_runner.py:110} ERROR - Failed to execute job 4 for task export_tables ([Errno 13] Permission denied: '/opt/airflow/../app'; 179)
[2025-04-27T04:56:13.144+0000] {local_task_job_runner.py:240} INFO - Task exited with return code 1
[2025-04-27T04:56:13.154+0000] {taskinstance.py:3482} INFO - 0 downstream tasks scheduled from follow-on schedule check
[2025-04-27T04:56:13.155+0000] {local_task_job_runner.py:222} INFO - ::endgroup::
